Namespace(LOAD_INITIAL=False, OUTPUT_PREDICTION=False, TEST_ONLY=False, adj_data='data/sensor_graph/adj_mx_bay.pkl', batch_size=32, cl=True, cl_decay_steps=5500.0, clip=5, data='data/PEMS-BAY', device='cuda:0', dropout=0.3, epochs=110, expid='DGCRN_pemsbay', gcn_depth=2, hyperGNN_dim=16, in_dim=2, layers=3, learning_rate=0.001, new_training_method=False, node_dim=40, num_nodes=325, print_every=1, propalpha=0.05, rnn_size=64, runs=3, save='./save/', seq_in_len=12, seq_out_len=12, step_size1=2500, subgraph_size=20, tanhalpha=3, tolerance=100, weight_decay=0.0001)
Number of model parameters is 208881
start training...
Epoch: 001, Inference Time: 28.3626 secs
Epoch: 001, Train Loss: 0.9691, Train MAPE: 0.0194, Train RMSE: 1.7431, Valid Loss: 4.0432, Valid MAPE: 0.1048, Valid RMSE: 6.3298, Training Time: 296.2074/epoch
Epoch: 002, Inference Time: 27.9115 secs
Epoch: 002, Train Loss: 0.8626, Train MAPE: 0.0164, Train RMSE: 1.5542, Valid Loss: 3.4292, Valid MAPE: 0.0848, Valid RMSE: 5.4383, Training Time: 280.1410/epoch
Epoch: 003, Inference Time: 27.9747 secs
Epoch: 003, Train Loss: 0.8709, Train MAPE: 0.0166, Train RMSE: 1.5851, Valid Loss: 3.6900, Valid MAPE: 0.0747, Valid RMSE: 6.4309, Training Time: 296.5505/epoch
Epoch: 004, Inference Time: 27.8656 secs
Epoch: 004, Train Loss: 0.8476, Train MAPE: 0.0161, Train RMSE: 1.5320, Valid Loss: 3.9224, Valid MAPE: 0.0799, Valid RMSE: 6.9084, Training Time: 300.1312/epoch
Epoch: 005, Inference Time: 27.9340 secs
Epoch: 005, Train Loss: 0.8414, Train MAPE: 0.0159, Train RMSE: 1.5209, Valid Loss: 2.4294, Valid MAPE: 0.0533, Valid RMSE: 4.5927, Training Time: 313.0436/epoch
Epoch: 006, Inference Time: 27.8708 secs
Epoch: 006, Train Loss: 0.8360, Train MAPE: 0.0158, Train RMSE: 1.5116, Valid Loss: 2.4359, Valid MAPE: 0.0562, Valid RMSE: 4.5663, Training Time: 320.5706/epoch
Epoch: 007, Inference Time: 27.9600 secs
Epoch: 007, Train Loss: 0.8328, Train MAPE: 0.0158, Train RMSE: 1.5070, Valid Loss: 2.0009, Valid MAPE: 0.0453, Valid RMSE: 4.0463, Training Time: 330.7319/epoch
Epoch: 008, Inference Time: 27.9286 secs
Epoch: 008, Train Loss: 0.8294, Train MAPE: 0.0157, Train RMSE: 1.5013, Valid Loss: 2.0131, Valid MAPE: 0.0449, Valid RMSE: 4.0649, Training Time: 341.3679/epoch
Epoch: 009, Inference Time: 28.0165 secs
Epoch: 009, Train Loss: 0.8263, Train MAPE: 0.0156, Train RMSE: 1.4969, Valid Loss: 1.8819, Valid MAPE: 0.0427, Valid RMSE: 3.8935, Training Time: 345.6809/epoch
Epoch: 010, Inference Time: 27.9750 secs
Epoch: 010, Train Loss: 0.8238, Train MAPE: 0.0156, Train RMSE: 1.4932, Valid Loss: 1.9559, Valid MAPE: 0.0450, Valid RMSE: 3.9128, Training Time: 362.3560/epoch
Epoch: 011, Inference Time: 28.0199 secs
Epoch: 011, Train Loss: 0.8207, Train MAPE: 0.0155, Train RMSE: 1.4878, Valid Loss: 2.0402, Valid MAPE: 0.0451, Valid RMSE: 4.1839, Training Time: 363.7694/epoch
Epoch: 012, Inference Time: 27.9680 secs
Epoch: 012, Train Loss: 0.8188, Train MAPE: 0.0155, Train RMSE: 1.4853, Valid Loss: 1.9246, Valid MAPE: 0.0426, Valid RMSE: 4.0317, Training Time: 382.4158/epoch
Epoch: 013, Inference Time: 27.9967 secs
Epoch: 013, Train Loss: 0.8162, Train MAPE: 0.0154, Train RMSE: 1.4811, Valid Loss: 1.8217, Valid MAPE: 0.0443, Valid RMSE: 3.7827, Training Time: 382.4404/epoch
Epoch: 014, Inference Time: 27.8974 secs
Epoch: 014, Train Loss: 0.8148, Train MAPE: 0.0154, Train RMSE: 1.4800, Valid Loss: 1.8120, Valid MAPE: 0.0435, Valid RMSE: 3.7418, Training Time: 399.2124/epoch
Epoch: 015, Inference Time: 28.0079 secs
Epoch: 015, Train Loss: 0.8135, Train MAPE: 0.0154, Train RMSE: 1.4779, Valid Loss: 1.8723, Valid MAPE: 0.0429, Valid RMSE: 3.8993, Training Time: 403.0724/epoch
Epoch: 016, Inference Time: 27.9424 secs
Epoch: 016, Train Loss: 0.8119, Train MAPE: 0.0153, Train RMSE: 1.4750, Valid Loss: 1.8347, Valid MAPE: 0.0410, Valid RMSE: 3.8564, Training Time: 416.0481/epoch
Epoch: 017, Inference Time: 27.9662 secs
Epoch: 017, Train Loss: 0.8111, Train MAPE: 0.0153, Train RMSE: 1.4745, Valid Loss: 1.8672, Valid MAPE: 0.0421, Valid RMSE: 3.8592, Training Time: 423.3369/epoch
Epoch: 018, Inference Time: 27.9853 secs
Epoch: 018, Train Loss: 0.8103, Train MAPE: 0.0153, Train RMSE: 1.4741, Valid Loss: 1.8458, Valid MAPE: 0.0423, Valid RMSE: 3.7430, Training Time: 432.6419/epoch
Epoch: 019, Inference Time: 27.9454 secs
Epoch: 019, Train Loss: 0.8090, Train MAPE: 0.0153, Train RMSE: 1.4720, Valid Loss: 1.8343, Valid MAPE: 0.0410, Valid RMSE: 3.8234, Training Time: 443.5968/epoch
Epoch: 020, Inference Time: 27.9626 secs
Epoch: 020, Train Loss: 0.8083, Train MAPE: 0.0153, Train RMSE: 1.4710, Valid Loss: 1.7942, Valid MAPE: 0.0402, Valid RMSE: 3.6784, Training Time: 448.7084/epoch
Epoch: 021, Inference Time: 27.9529 secs
Epoch: 021, Train Loss: 0.8080, Train MAPE: 0.0153, Train RMSE: 1.4706, Valid Loss: 1.8001, Valid MAPE: 0.0440, Valid RMSE: 3.7410, Training Time: 464.4533/epoch
Epoch: 022, Inference Time: 27.9468 secs
Epoch: 022, Train Loss: 0.8080, Train MAPE: 0.0153, Train RMSE: 1.4718, Valid Loss: 1.7838, Valid MAPE: 0.0426, Valid RMSE: 3.7093, Training Time: 465.7468/epoch
Epoch: 023, Inference Time: 27.9850 secs
Epoch: 023, Train Loss: 0.8083, Train MAPE: 0.0153, Train RMSE: 1.4726, Valid Loss: 1.8656, Valid MAPE: 0.0416, Valid RMSE: 3.9154, Training Time: 484.8198/epoch
Epoch: 024, Inference Time: 27.9538 secs
Epoch: 024, Train Loss: 0.8081, Train MAPE: 0.0153, Train RMSE: 1.4730, Valid Loss: 1.9225, Valid MAPE: 0.0426, Valid RMSE: 3.9664, Training Time: 484.8362/epoch
Epoch: 025, Inference Time: 27.9656 secs
Epoch: 025, Train Loss: 0.8105, Train MAPE: 0.0153, Train RMSE: 1.4792, Valid Loss: 1.8055, Valid MAPE: 0.0430, Valid RMSE: 3.7030, Training Time: 503.4371/epoch
Epoch: 026, Inference Time: 28.0051 secs
Epoch: 026, Train Loss: 0.8111, Train MAPE: 0.0153, Train RMSE: 1.4817, Valid Loss: 1.7475, Valid MAPE: 0.0412, Valid RMSE: 3.6429, Training Time: 505.4871/epoch
Epoch: 027, Inference Time: 28.0179 secs
Epoch: 027, Train Loss: 0.8120, Train MAPE: 0.0153, Train RMSE: 1.4841, Valid Loss: 1.7843, Valid MAPE: 0.0405, Valid RMSE: 3.7488, Training Time: 506.2468/epoch
Epoch: 028, Inference Time: 28.0166 secs
Epoch: 028, Train Loss: 0.8165, Train MAPE: 0.0155, Train RMSE: 1.4963, Valid Loss: 1.7690, Valid MAPE: 0.0396, Valid RMSE: 3.6631, Training Time: 505.9540/epoch
Epoch: 029, Inference Time: 28.0095 secs
Epoch: 029, Train Loss: 0.8190, Train MAPE: 0.0155, Train RMSE: 1.5038, Valid Loss: 1.7891, Valid MAPE: 0.0421, Valid RMSE: 3.7557, Training Time: 505.9833/epoch
Epoch: 030, Inference Time: 27.9758 secs
Epoch: 030, Train Loss: 0.8211, Train MAPE: 0.0156, Train RMSE: 1.5095, Valid Loss: 1.7504, Valid MAPE: 0.0394, Valid RMSE: 3.6886, Training Time: 504.7912/epoch
Epoch: 031, Inference Time: 27.9524 secs
Epoch: 031, Train Loss: 0.8263, Train MAPE: 0.0157, Train RMSE: 1.5246, Valid Loss: 1.8031, Valid MAPE: 0.0412, Valid RMSE: 3.7383, Training Time: 504.6985/epoch
Epoch: 032, Inference Time: 27.9270 secs
Epoch: 032, Train Loss: 0.8305, Train MAPE: 0.0158, Train RMSE: 1.5348, Valid Loss: 1.7886, Valid MAPE: 0.0412, Valid RMSE: 3.6587, Training Time: 504.8232/epoch
Epoch: 033, Inference Time: 27.9440 secs
Epoch: 033, Train Loss: 0.8383, Train MAPE: 0.0159, Train RMSE: 1.5569, Valid Loss: 1.7569, Valid MAPE: 0.0422, Valid RMSE: 3.6457, Training Time: 504.6721/epoch
Epoch: 034, Inference Time: 27.9203 secs
Epoch: 034, Train Loss: 0.8481, Train MAPE: 0.0162, Train RMSE: 1.5839, Valid Loss: 1.7758, Valid MAPE: 0.0426, Valid RMSE: 3.6970, Training Time: 504.6471/epoch
Epoch: 035, Inference Time: 27.9369 secs
Epoch: 035, Train Loss: 0.8591, Train MAPE: 0.0164, Train RMSE: 1.6138, Valid Loss: 1.8172, Valid MAPE: 0.0469, Valid RMSE: 3.8127, Training Time: 505.8105/epoch
Epoch: 036, Inference Time: 27.9025 secs
Epoch: 036, Train Loss: 0.8706, Train MAPE: 0.0167, Train RMSE: 1.6457, Valid Loss: 1.7374, Valid MAPE: 0.0436, Valid RMSE: 3.5500, Training Time: 504.6473/epoch
Epoch: 037, Inference Time: 27.9623 secs
Epoch: 037, Train Loss: 0.8834, Train MAPE: 0.0170, Train RMSE: 1.6811, Valid Loss: 1.6875, Valid MAPE: 0.0395, Valid RMSE: 3.5254, Training Time: 505.0733/epoch
Epoch: 038, Inference Time: 27.9240 secs
Epoch: 038, Train Loss: 0.9004, Train MAPE: 0.0174, Train RMSE: 1.7275, Valid Loss: 1.6938, Valid MAPE: 0.0385, Valid RMSE: 3.5003, Training Time: 504.6709/epoch
Epoch: 039, Inference Time: 28.0168 secs
Epoch: 039, Train Loss: 0.9228, Train MAPE: 0.0179, Train RMSE: 1.7893, Valid Loss: 1.7415, Valid MAPE: 0.0398, Valid RMSE: 3.6313, Training Time: 504.7977/epoch
Epoch: 040, Inference Time: 27.9893 secs
Epoch: 040, Train Loss: 0.9434, Train MAPE: 0.0184, Train RMSE: 1.8455, Valid Loss: 1.7427, Valid MAPE: 0.0388, Valid RMSE: 3.5476, Training Time: 505.2620/epoch
Epoch: 041, Inference Time: 27.9722 secs
Epoch: 041, Train Loss: 0.9661, Train MAPE: 0.0189, Train RMSE: 1.9093, Valid Loss: 1.6788, Valid MAPE: 0.0403, Valid RMSE: 3.4742, Training Time: 504.9455/epoch
Epoch: 042, Inference Time: 27.9713 secs
Epoch: 042, Train Loss: 0.9968, Train MAPE: 0.0197, Train RMSE: 1.9963, Valid Loss: 1.8983, Valid MAPE: 0.0500, Valid RMSE: 3.9045, Training Time: 505.3641/epoch
Epoch: 043, Inference Time: 27.9399 secs
Epoch: 043, Train Loss: 1.0161, Train MAPE: 0.0201, Train RMSE: 2.0492, Valid Loss: 1.6689, Valid MAPE: 0.0374, Valid RMSE: 3.4543, Training Time: 505.0700/epoch
Epoch: 044, Inference Time: 27.9649 secs
Epoch: 044, Train Loss: 1.0546, Train MAPE: 0.0211, Train RMSE: 2.1543, Valid Loss: 1.7060, Valid MAPE: 0.0420, Valid RMSE: 3.4478, Training Time: 504.7630/epoch
Epoch: 045, Inference Time: 27.9680 secs
Epoch: 045, Train Loss: 1.0844, Train MAPE: 0.0218, Train RMSE: 2.2343, Valid Loss: 1.6546, Valid MAPE: 0.0386, Valid RMSE: 3.3919, Training Time: 505.3527/epoch
Epoch: 046, Inference Time: 27.9852 secs
Epoch: 046, Train Loss: 1.1281, Train MAPE: 0.0229, Train RMSE: 2.3535, Valid Loss: 1.8059, Valid MAPE: 0.0472, Valid RMSE: 3.7598, Training Time: 505.2365/epoch
Epoch: 047, Inference Time: 27.9462 secs
Epoch: 047, Train Loss: 1.1615, Train MAPE: 0.0238, Train RMSE: 2.4430, Valid Loss: 1.6292, Valid MAPE: 0.0382, Valid RMSE: 3.3392, Training Time: 504.7960/epoch
Epoch: 048, Inference Time: 27.9124 secs
Epoch: 048, Train Loss: 1.1942, Train MAPE: 0.0246, Train RMSE: 2.5330, Valid Loss: 1.6844, Valid MAPE: 0.0401, Valid RMSE: 3.5371, Training Time: 504.6291/epoch
Epoch: 049, Inference Time: 27.9468 secs
Epoch: 049, Train Loss: 1.2170, Train MAPE: 0.0251, Train RMSE: 2.5902, Valid Loss: 1.6376, Valid MAPE: 0.0387, Valid RMSE: 3.3804, Training Time: 504.8009/epoch
Epoch: 050, Inference Time: 27.9650 secs
Epoch: 050, Train Loss: 1.2535, Train MAPE: 0.0261, Train RMSE: 2.6861, Valid Loss: 1.6383, Valid MAPE: 0.0357, Valid RMSE: 3.3771, Training Time: 504.6832/epoch
Epoch: 051, Inference Time: 27.9192 secs
Epoch: 051, Train Loss: 1.2798, Train MAPE: 0.0268, Train RMSE: 2.7586, Valid Loss: 1.6676, Valid MAPE: 0.0409, Valid RMSE: 3.4295, Training Time: 505.1352/epoch
Epoch: 052, Inference Time: 27.9117 secs
Epoch: 052, Train Loss: 1.3072, Train MAPE: 0.0274, Train RMSE: 2.8264, Valid Loss: 1.6013, Valid MAPE: 0.0361, Valid RMSE: 3.2818, Training Time: 504.5675/epoch
Epoch: 053, Inference Time: 27.9404 secs
Epoch: 053, Train Loss: 1.3251, Train MAPE: 0.0279, Train RMSE: 2.8717, Valid Loss: 1.5974, Valid MAPE: 0.0364, Valid RMSE: 3.2909, Training Time: 505.1236/epoch
Epoch: 054, Inference Time: 27.9748 secs
Epoch: 054, Train Loss: 1.3329, Train MAPE: 0.0281, Train RMSE: 2.8887, Valid Loss: 1.6027, Valid MAPE: 0.0360, Valid RMSE: 3.2899, Training Time: 504.7202/epoch
Epoch: 055, Inference Time: 27.9972 secs
Epoch: 055, Train Loss: 1.3586, Train MAPE: 0.0288, Train RMSE: 2.9548, Valid Loss: 1.5943, Valid MAPE: 0.0359, Valid RMSE: 3.2815, Training Time: 505.2949/epoch
Epoch: 056, Inference Time: 27.9547 secs
Epoch: 056, Train Loss: 1.3720, Train MAPE: 0.0291, Train RMSE: 2.9892, Valid Loss: 1.5898, Valid MAPE: 0.0360, Valid RMSE: 3.2749, Training Time: 504.7687/epoch
Epoch: 057, Inference Time: 27.9688 secs
Epoch: 057, Train Loss: 1.3718, Train MAPE: 0.0291, Train RMSE: 2.9876, Valid Loss: 1.5908, Valid MAPE: 0.0360, Valid RMSE: 3.2564, Training Time: 505.0719/epoch
Epoch: 058, Inference Time: 27.9851 secs
Epoch: 058, Train Loss: 1.3762, Train MAPE: 0.0292, Train RMSE: 2.9977, Valid Loss: 1.6001, Valid MAPE: 0.0356, Valid RMSE: 3.3021, Training Time: 505.0123/epoch
Epoch: 059, Inference Time: 27.9518 secs
Epoch: 059, Train Loss: 1.3794, Train MAPE: 0.0293, Train RMSE: 3.0032, Valid Loss: 1.6137, Valid MAPE: 0.0365, Valid RMSE: 3.3244, Training Time: 504.8110/epoch
Epoch: 060, Inference Time: 27.9577 secs
Epoch: 060, Train Loss: 1.3885, Train MAPE: 0.0295, Train RMSE: 3.0271, Valid Loss: 1.6070, Valid MAPE: 0.0373, Valid RMSE: 3.3403, Training Time: 504.7034/epoch
Epoch: 061, Inference Time: 27.9471 secs
Epoch: 061, Train Loss: 1.3853, Train MAPE: 0.0294, Train RMSE: 3.0165, Valid Loss: 1.5882, Valid MAPE: 0.0370, Valid RMSE: 3.2826, Training Time: 504.8591/epoch
Epoch: 062, Inference Time: 27.9556 secs
Epoch: 062, Train Loss: 1.3837, Train MAPE: 0.0294, Train RMSE: 3.0111, Valid Loss: 1.5984, Valid MAPE: 0.0363, Valid RMSE: 3.2719, Training Time: 505.0620/epoch
Epoch: 063, Inference Time: 27.9713 secs
Epoch: 063, Train Loss: 1.3878, Train MAPE: 0.0295, Train RMSE: 3.0195, Valid Loss: 1.5887, Valid MAPE: 0.0353, Valid RMSE: 3.2695, Training Time: 505.1970/epoch
Epoch: 064, Inference Time: 28.0196 secs
Epoch: 064, Train Loss: 1.3841, Train MAPE: 0.0294, Train RMSE: 3.0093, Valid Loss: 1.6140, Valid MAPE: 0.0374, Valid RMSE: 3.3138, Training Time: 504.7794/epoch
Epoch: 065, Inference Time: 28.0184 secs
Epoch: 065, Train Loss: 1.3818, Train MAPE: 0.0293, Train RMSE: 3.0030, Valid Loss: 1.5796, Valid MAPE: 0.0365, Valid RMSE: 3.2497, Training Time: 504.9413/epoch
Epoch: 066, Inference Time: 28.0144 secs
Epoch: 066, Train Loss: 1.3795, Train MAPE: 0.0292, Train RMSE: 2.9954, Valid Loss: 1.5990, Valid MAPE: 0.0368, Valid RMSE: 3.3172, Training Time: 505.3420/epoch
Epoch: 067, Inference Time: 27.9130 secs
Epoch: 067, Train Loss: 1.3785, Train MAPE: 0.0292, Train RMSE: 2.9914, Valid Loss: 1.5965, Valid MAPE: 0.0372, Valid RMSE: 3.2812, Training Time: 505.0371/epoch
Epoch: 068, Inference Time: 28.0135 secs
Epoch: 068, Train Loss: 1.3772, Train MAPE: 0.0292, Train RMSE: 2.9862, Valid Loss: 1.5949, Valid MAPE: 0.0357, Valid RMSE: 3.2633, Training Time: 505.1782/epoch
Epoch: 069, Inference Time: 27.9411 secs
Epoch: 069, Train Loss: 1.3745, Train MAPE: 0.0291, Train RMSE: 2.9787, Valid Loss: 1.5808, Valid MAPE: 0.0360, Valid RMSE: 3.2518, Training Time: 504.8433/epoch
Epoch: 070, Inference Time: 27.9286 secs
Epoch: 070, Train Loss: 1.3736, Train MAPE: 0.0291, Train RMSE: 2.9744, Valid Loss: 1.5824, Valid MAPE: 0.0365, Valid RMSE: 3.2526, Training Time: 504.6137/epoch
Epoch: 071, Inference Time: 27.9455 secs
Epoch: 071, Train Loss: 1.3683, Train MAPE: 0.0289, Train RMSE: 2.9611, Valid Loss: 1.5996, Valid MAPE: 0.0370, Valid RMSE: 3.3093, Training Time: 504.8014/epoch
Epoch: 072, Inference Time: 27.9561 secs
Epoch: 072, Train Loss: 1.3687, Train MAPE: 0.0290, Train RMSE: 2.9613, Valid Loss: 1.5921, Valid MAPE: 0.0357, Valid RMSE: 3.2837, Training Time: 505.1986/epoch
Epoch: 073, Inference Time: 27.9286 secs
Epoch: 073, Train Loss: 1.3650, Train MAPE: 0.0288, Train RMSE: 2.9483, Valid Loss: 1.5880, Valid MAPE: 0.0353, Valid RMSE: 3.2799, Training Time: 504.6572/epoch
Epoch: 074, Inference Time: 27.9945 secs
Epoch: 074, Train Loss: 1.3662, Train MAPE: 0.0289, Train RMSE: 2.9507, Valid Loss: 1.5824, Valid MAPE: 0.0357, Valid RMSE: 3.2787, Training Time: 504.5009/epoch
Epoch: 075, Inference Time: 27.9980 secs
Epoch: 075, Train Loss: 1.3595, Train MAPE: 0.0287, Train RMSE: 2.9330, Valid Loss: 1.5960, Valid MAPE: 0.0360, Valid RMSE: 3.3096, Training Time: 505.2052/epoch
Epoch: 076, Inference Time: 27.9713 secs
Epoch: 076, Train Loss: 1.3604, Train MAPE: 0.0287, Train RMSE: 2.9328, Valid Loss: 1.6186, Valid MAPE: 0.0361, Valid RMSE: 3.3258, Training Time: 505.1621/epoch
Epoch: 077, Inference Time: 28.0134 secs
Epoch: 077, Train Loss: 1.3579, Train MAPE: 0.0286, Train RMSE: 2.9268, Valid Loss: 1.5939, Valid MAPE: 0.0372, Valid RMSE: 3.2854, Training Time: 506.4943/epoch
Epoch: 078, Inference Time: 28.0543 secs
Epoch: 078, Train Loss: 1.3588, Train MAPE: 0.0287, Train RMSE: 2.9302, Valid Loss: 1.5946, Valid MAPE: 0.0366, Valid RMSE: 3.2849, Training Time: 505.7996/epoch
Epoch: 079, Inference Time: 28.0229 secs
Epoch: 079, Train Loss: 1.3541, Train MAPE: 0.0285, Train RMSE: 2.9140, Valid Loss: 1.5950, Valid MAPE: 0.0367, Valid RMSE: 3.3064, Training Time: 505.8855/epoch
Epoch: 080, Inference Time: 28.0136 secs
Epoch: 080, Train Loss: 1.3545, Train MAPE: 0.0286, Train RMSE: 2.9153, Valid Loss: 1.5955, Valid MAPE: 0.0357, Valid RMSE: 3.3020, Training Time: 505.4971/epoch
Epoch: 081, Inference Time: 27.9789 secs
Epoch: 081, Train Loss: 1.3548, Train MAPE: 0.0286, Train RMSE: 2.9150, Valid Loss: 1.5998, Valid MAPE: 0.0371, Valid RMSE: 3.3020, Training Time: 505.5848/epoch
Epoch: 082, Inference Time: 27.9906 secs
Epoch: 082, Train Loss: 1.3503, Train MAPE: 0.0284, Train RMSE: 2.9020, Valid Loss: 1.6031, Valid MAPE: 0.0365, Valid RMSE: 3.3057, Training Time: 505.3640/epoch
Epoch: 083, Inference Time: 28.0247 secs
Epoch: 083, Train Loss: 1.3494, Train MAPE: 0.0284, Train RMSE: 2.8976, Valid Loss: 1.6180, Valid MAPE: 0.0369, Valid RMSE: 3.3572, Training Time: 505.6098/epoch
Epoch: 084, Inference Time: 27.9940 secs
Epoch: 084, Train Loss: 1.3474, Train MAPE: 0.0284, Train RMSE: 2.8941, Valid Loss: 1.6032, Valid MAPE: 0.0371, Valid RMSE: 3.3190, Training Time: 505.4372/epoch
Epoch: 085, Inference Time: 27.9756 secs
Epoch: 085, Train Loss: 1.3460, Train MAPE: 0.0283, Train RMSE: 2.8890, Valid Loss: 1.6049, Valid MAPE: 0.0368, Valid RMSE: 3.3242, Training Time: 505.4909/epoch
Epoch: 086, Inference Time: 27.9832 secs
Epoch: 086, Train Loss: 1.3492, Train MAPE: 0.0284, Train RMSE: 2.8926, Valid Loss: 1.5948, Valid MAPE: 0.0360, Valid RMSE: 3.2944, Training Time: 505.8967/epoch
Epoch: 087, Inference Time: 28.0197 secs
Epoch: 087, Train Loss: 1.3450, Train MAPE: 0.0283, Train RMSE: 2.8861, Valid Loss: 1.5921, Valid MAPE: 0.0370, Valid RMSE: 3.3208, Training Time: 505.6690/epoch
Epoch: 088, Inference Time: 28.0246 secs
Epoch: 088, Train Loss: 1.3422, Train MAPE: 0.0282, Train RMSE: 2.8788, Valid Loss: 1.6060, Valid MAPE: 0.0367, Valid RMSE: 3.3309, Training Time: 506.0385/epoch
Epoch: 089, Inference Time: 28.0314 secs
Epoch: 089, Train Loss: 1.3433, Train MAPE: 0.0282, Train RMSE: 2.8780, Valid Loss: 1.6173, Valid MAPE: 0.0381, Valid RMSE: 3.3755, Training Time: 507.1504/epoch
Epoch: 090, Inference Time: 28.0334 secs
Epoch: 090, Train Loss: 1.3430, Train MAPE: 0.0282, Train RMSE: 2.8781, Valid Loss: 1.6020, Valid MAPE: 0.0366, Valid RMSE: 3.3308, Training Time: 507.3265/epoch
Epoch: 091, Inference Time: 28.0209 secs
Epoch: 091, Train Loss: 1.3407, Train MAPE: 0.0282, Train RMSE: 2.8707, Valid Loss: 1.6029, Valid MAPE: 0.0372, Valid RMSE: 3.3323, Training Time: 505.9430/epoch
Epoch: 092, Inference Time: 28.0079 secs
Epoch: 092, Train Loss: 1.3417, Train MAPE: 0.0282, Train RMSE: 2.8721, Valid Loss: 1.6064, Valid MAPE: 0.0370, Valid RMSE: 3.3430, Training Time: 505.8909/epoch
Epoch: 093, Inference Time: 28.0307 secs
Epoch: 093, Train Loss: 1.3390, Train MAPE: 0.0281, Train RMSE: 2.8660, Valid Loss: 1.6133, Valid MAPE: 0.0368, Valid RMSE: 3.3335, Training Time: 506.1318/epoch
Epoch: 094, Inference Time: 27.9966 secs
Epoch: 094, Train Loss: 1.3371, Train MAPE: 0.0281, Train RMSE: 2.8591, Valid Loss: 1.6183, Valid MAPE: 0.0380, Valid RMSE: 3.3580, Training Time: 506.0003/epoch
Epoch: 095, Inference Time: 28.0415 secs
Epoch: 095, Train Loss: 1.3386, Train MAPE: 0.0281, Train RMSE: 2.8621, Valid Loss: 1.6106, Valid MAPE: 0.0382, Valid RMSE: 3.3585, Training Time: 506.1064/epoch
Epoch: 096, Inference Time: 28.0315 secs
Epoch: 096, Train Loss: 1.3357, Train MAPE: 0.0280, Train RMSE: 2.8563, Valid Loss: 1.6078, Valid MAPE: 0.0366, Valid RMSE: 3.3322, Training Time: 505.7703/epoch
Epoch: 097, Inference Time: 28.0245 secs
Epoch: 097, Train Loss: 1.3356, Train MAPE: 0.0280, Train RMSE: 2.8539, Valid Loss: 1.6142, Valid MAPE: 0.0381, Valid RMSE: 3.3541, Training Time: 506.1173/epoch
Epoch: 098, Inference Time: 28.0793 secs
Epoch: 098, Train Loss: 1.3353, Train MAPE: 0.0280, Train RMSE: 2.8533, Valid Loss: 1.6275, Valid MAPE: 0.0382, Valid RMSE: 3.3852, Training Time: 506.0019/epoch
Epoch: 099, Inference Time: 28.0035 secs
Epoch: 099, Train Loss: 1.3336, Train MAPE: 0.0280, Train RMSE: 2.8472, Valid Loss: 1.6053, Valid MAPE: 0.0362, Valid RMSE: 3.3489, Training Time: 505.8349/epoch
Epoch: 100, Inference Time: 28.0781 secs
Epoch: 100, Train Loss: 1.3356, Train MAPE: 0.0280, Train RMSE: 2.8517, Valid Loss: 1.6076, Valid MAPE: 0.0375, Valid RMSE: 3.3547, Training Time: 505.8495/epoch
Epoch: 101, Inference Time: 27.9969 secs
Epoch: 101, Train Loss: 1.3324, Train MAPE: 0.0279, Train RMSE: 2.8448, Valid Loss: 1.6022, Valid MAPE: 0.0366, Valid RMSE: 3.3229, Training Time: 506.1955/epoch
Epoch: 102, Inference Time: 28.0111 secs
Epoch: 102, Train Loss: 1.3307, Train MAPE: 0.0279, Train RMSE: 2.8395, Valid Loss: 1.6052, Valid MAPE: 0.0370, Valid RMSE: 3.3248, Training Time: 505.6695/epoch
Epoch: 103, Inference Time: 28.0064 secs
Epoch: 103, Train Loss: 1.3341, Train MAPE: 0.0280, Train RMSE: 2.8480, Valid Loss: 1.5976, Valid MAPE: 0.0357, Valid RMSE: 3.2870, Training Time: 506.1602/epoch
Epoch: 104, Inference Time: 28.0323 secs
Epoch: 104, Train Loss: 1.3281, Train MAPE: 0.0278, Train RMSE: 2.8300, Valid Loss: 1.6193, Valid MAPE: 0.0380, Valid RMSE: 3.3850, Training Time: 505.5533/epoch
Epoch: 105, Inference Time: 27.9917 secs
Epoch: 105, Train Loss: 1.3307, Train MAPE: 0.0279, Train RMSE: 2.8407, Valid Loss: 1.6396, Valid MAPE: 0.0386, Valid RMSE: 3.4097, Training Time: 505.7142/epoch
Epoch: 106, Inference Time: 28.0034 secs
Epoch: 106, Train Loss: 1.3294, Train MAPE: 0.0279, Train RMSE: 2.8348, Valid Loss: 1.6144, Valid MAPE: 0.0368, Valid RMSE: 3.3345, Training Time: 505.3731/epoch
Epoch: 107, Inference Time: 27.9850 secs
Epoch: 107, Train Loss: 1.3269, Train MAPE: 0.0278, Train RMSE: 2.8276, Valid Loss: 1.6043, Valid MAPE: 0.0368, Valid RMSE: 3.3406, Training Time: 505.6257/epoch
Epoch: 108, Inference Time: 27.9909 secs
Epoch: 108, Train Loss: 1.3298, Train MAPE: 0.0279, Train RMSE: 2.8343, Valid Loss: 1.6344, Valid MAPE: 0.0390, Valid RMSE: 3.4057, Training Time: 505.3946/epoch
Epoch: 109, Inference Time: 27.9717 secs
Epoch: 109, Train Loss: 1.3291, Train MAPE: 0.0279, Train RMSE: 2.8351, Valid Loss: 1.6159, Valid MAPE: 0.0375, Valid RMSE: 3.3735, Training Time: 505.7486/epoch
Epoch: 110, Inference Time: 28.0305 secs
Epoch: 110, Train Loss: 1.3290, Train MAPE: 0.0278, Train RMSE: 2.8315, Valid Loss: 1.6027, Valid MAPE: 0.0364, Valid RMSE: 3.3371, Training Time: 505.4652/epoch
Average Training Time: 478.5536 secs/epoch
Average Inference Time: 27.9813 secs
Training finished
The valid loss on best model is 1.5796, epoch:65
Evaluate best model on test data for horizon 3, Test MAE: 1.3036, Test MAPE: 0.0274, Test RMSE: 2.7286
Evaluate best model on test data for horizon 6, Test MAE: 1.6274, Test MAPE: 0.0371, Test RMSE: 3.7157
Evaluate best model on test data for horizon 9, Test MAE: 1.8036, Test MAPE: 0.0427, Test RMSE: 4.2218
Evaluate best model on test data for horizon 12, Test MAE: 1.9168, Test MAPE: 0.0463, Test RMSE: 4.4988
Namespace(LOAD_INITIAL=False, OUTPUT_PREDICTION=False, TEST_ONLY=False, adj_data='data/sensor_graph/adj_mx_bay.pkl', batch_size=32, cl=True, cl_decay_steps=5500.0, clip=5, data='data/PEMS-BAY', device='cuda:0', dropout=0.3, epochs=110, expid='DGCRN_pemsbay', gcn_depth=2, hyperGNN_dim=16, in_dim=2, layers=3, learning_rate=0.001, new_training_method=False, node_dim=40, num_nodes=325, print_every=1, propalpha=0.05, rnn_size=64, runs=3, save='./save/', seq_in_len=12, seq_out_len=12, step_size1=2500, subgraph_size=20, tanhalpha=3, tolerance=100, weight_decay=0.0001)
Number of model parameters is 208881
start training...
Epoch: 001, Inference Time: 28.1229 secs
Epoch: 001, Train Loss: 0.9761, Train MAPE: 0.0195, Train RMSE: 1.7465, Valid Loss: 4.8420, Valid MAPE: 0.1235, Valid RMSE: 7.2182, Training Time: 282.5174/epoch
Epoch: 002, Inference Time: 28.0421 secs
Epoch: 002, Train Loss: 0.8613, Train MAPE: 0.0164, Train RMSE: 1.5544, Valid Loss: 4.1555, Valid MAPE: 0.1114, Valid RMSE: 6.5537, Training Time: 279.8468/epoch
Epoch: 003, Inference Time: 28.0382 secs
Epoch: 003, Train Loss: 0.8716, Train MAPE: 0.0166, Train RMSE: 1.5937, Valid Loss: 3.7773, Valid MAPE: 0.0776, Valid RMSE: 6.5104, Training Time: 296.8640/epoch
Epoch: 004, Inference Time: 28.0413 secs
Epoch: 004, Train Loss: 0.8465, Train MAPE: 0.0161, Train RMSE: 1.5304, Valid Loss: 3.7263, Valid MAPE: 0.0767, Valid RMSE: 6.4611, Training Time: 300.4942/epoch
Epoch: 005, Inference Time: 28.0105 secs
Epoch: 005, Train Loss: 0.8400, Train MAPE: 0.0159, Train RMSE: 1.5172, Valid Loss: 2.2065, Valid MAPE: 0.0516, Valid RMSE: 4.2185, Training Time: 313.2253/epoch
Epoch: 006, Inference Time: 27.9835 secs
Epoch: 006, Train Loss: 0.8354, Train MAPE: 0.0158, Train RMSE: 1.5100, Valid Loss: 2.1674, Valid MAPE: 0.0511, Valid RMSE: 4.1801, Training Time: 321.0860/epoch
Epoch: 007, Inference Time: 28.0727 secs
Epoch: 007, Train Loss: 0.8324, Train MAPE: 0.0158, Train RMSE: 1.5054, Valid Loss: 2.1312, Valid MAPE: 0.0485, Valid RMSE: 4.2255, Training Time: 329.8319/epoch
Epoch: 008, Inference Time: 28.0237 secs
Epoch: 008, Train Loss: 0.8299, Train MAPE: 0.0157, Train RMSE: 1.5008, Valid Loss: 1.9826, Valid MAPE: 0.0468, Valid RMSE: 3.9869, Training Time: 341.7174/epoch
Epoch: 009, Inference Time: 28.0412 secs
Epoch: 009, Train Loss: 0.8267, Train MAPE: 0.0156, Train RMSE: 1.4951, Valid Loss: 1.9305, Valid MAPE: 0.0438, Valid RMSE: 4.0074, Training Time: 346.4941/epoch
Epoch: 010, Inference Time: 28.0663 secs
Epoch: 010, Train Loss: 0.8244, Train MAPE: 0.0156, Train RMSE: 1.4930, Valid Loss: 1.8706, Valid MAPE: 0.0428, Valid RMSE: 3.8819, Training Time: 362.0329/epoch
Epoch: 011, Inference Time: 28.0029 secs
Epoch: 011, Train Loss: 0.8223, Train MAPE: 0.0156, Train RMSE: 1.4900, Valid Loss: 1.8519, Valid MAPE: 0.0424, Valid RMSE: 3.7479, Training Time: 363.0791/epoch
Epoch: 012, Inference Time: 27.9906 secs
Epoch: 012, Train Loss: 0.8195, Train MAPE: 0.0155, Train RMSE: 1.4859, Valid Loss: 1.8536, Valid MAPE: 0.0452, Valid RMSE: 3.7899, Training Time: 382.5725/epoch
Epoch: 013, Inference Time: 27.9476 secs
Epoch: 013, Train Loss: 0.8179, Train MAPE: 0.0155, Train RMSE: 1.4830, Valid Loss: 1.7970, Valid MAPE: 0.0418, Valid RMSE: 3.7239, Training Time: 382.6808/epoch
Epoch: 014, Inference Time: 28.0601 secs
Epoch: 014, Train Loss: 0.8158, Train MAPE: 0.0154, Train RMSE: 1.4807, Valid Loss: 1.8422, Valid MAPE: 0.0433, Valid RMSE: 3.8210, Training Time: 399.7636/epoch
Epoch: 015, Inference Time: 27.9998 secs
Epoch: 015, Train Loss: 0.8142, Train MAPE: 0.0154, Train RMSE: 1.4784, Valid Loss: 1.8847, Valid MAPE: 0.0476, Valid RMSE: 3.8651, Training Time: 403.2899/epoch
Epoch: 016, Inference Time: 28.0186 secs
Epoch: 016, Train Loss: 0.8127, Train MAPE: 0.0154, Train RMSE: 1.4763, Valid Loss: 1.7617, Valid MAPE: 0.0406, Valid RMSE: 3.6571, Training Time: 416.8849/epoch
Epoch: 017, Inference Time: 28.0242 secs
Epoch: 017, Train Loss: 0.8116, Train MAPE: 0.0153, Train RMSE: 1.4737, Valid Loss: 1.8671, Valid MAPE: 0.0419, Valid RMSE: 3.8633, Training Time: 423.8174/epoch
Epoch: 018, Inference Time: 28.1005 secs
Epoch: 018, Train Loss: 0.8108, Train MAPE: 0.0153, Train RMSE: 1.4732, Valid Loss: 1.8329, Valid MAPE: 0.0412, Valid RMSE: 3.7877, Training Time: 432.9410/epoch
Epoch: 019, Inference Time: 28.0596 secs
Epoch: 019, Train Loss: 0.8106, Train MAPE: 0.0153, Train RMSE: 1.4736, Valid Loss: 1.8390, Valid MAPE: 0.0424, Valid RMSE: 3.7479, Training Time: 444.7464/epoch
Epoch: 020, Inference Time: 28.0365 secs
Epoch: 020, Train Loss: 0.8089, Train MAPE: 0.0153, Train RMSE: 1.4705, Valid Loss: 1.7960, Valid MAPE: 0.0409, Valid RMSE: 3.7320, Training Time: 450.1658/epoch
Epoch: 021, Inference Time: 28.0212 secs
Epoch: 021, Train Loss: 0.8090, Train MAPE: 0.0153, Train RMSE: 1.4717, Valid Loss: 1.8076, Valid MAPE: 0.0412, Valid RMSE: 3.7557, Training Time: 465.5689/epoch
Epoch: 022, Inference Time: 28.0000 secs
Epoch: 022, Train Loss: 0.8087, Train MAPE: 0.0153, Train RMSE: 1.4722, Valid Loss: 1.9080, Valid MAPE: 0.0479, Valid RMSE: 3.8768, Training Time: 466.4171/epoch
Epoch: 023, Inference Time: 28.0267 secs
Epoch: 023, Train Loss: 0.8081, Train MAPE: 0.0153, Train RMSE: 1.4718, Valid Loss: 1.7228, Valid MAPE: 0.0401, Valid RMSE: 3.6078, Training Time: 485.9636/epoch
Epoch: 024, Inference Time: 28.0597 secs
Epoch: 024, Train Loss: 0.8097, Train MAPE: 0.0153, Train RMSE: 1.4763, Valid Loss: 1.8315, Valid MAPE: 0.0435, Valid RMSE: 3.8053, Training Time: 486.2554/epoch
Epoch: 025, Inference Time: 28.0053 secs
Epoch: 025, Train Loss: 0.8097, Train MAPE: 0.0153, Train RMSE: 1.4780, Valid Loss: 1.7756, Valid MAPE: 0.0415, Valid RMSE: 3.7091, Training Time: 503.5858/epoch
Epoch: 026, Inference Time: 27.9904 secs
Epoch: 026, Train Loss: 0.8121, Train MAPE: 0.0154, Train RMSE: 1.4840, Valid Loss: 1.7656, Valid MAPE: 0.0421, Valid RMSE: 3.6671, Training Time: 506.0846/epoch
Epoch: 027, Inference Time: 28.0288 secs
Epoch: 027, Train Loss: 0.8138, Train MAPE: 0.0154, Train RMSE: 1.4891, Valid Loss: 1.7935, Valid MAPE: 0.0418, Valid RMSE: 3.6957, Training Time: 506.4099/epoch
Epoch: 028, Inference Time: 28.0152 secs
Epoch: 028, Train Loss: 0.8153, Train MAPE: 0.0154, Train RMSE: 1.4939, Valid Loss: 1.9309, Valid MAPE: 0.0457, Valid RMSE: 3.9710, Training Time: 506.2949/epoch
Epoch: 029, Inference Time: 28.0321 secs
Epoch: 029, Train Loss: 0.8176, Train MAPE: 0.0155, Train RMSE: 1.5006, Valid Loss: 1.7686, Valid MAPE: 0.0401, Valid RMSE: 3.7166, Training Time: 507.1735/epoch
Epoch: 030, Inference Time: 28.0418 secs
Epoch: 030, Train Loss: 0.8235, Train MAPE: 0.0156, Train RMSE: 1.5157, Valid Loss: 1.7928, Valid MAPE: 0.0431, Valid RMSE: 3.7445, Training Time: 506.9450/epoch
Epoch: 031, Inference Time: 28.0490 secs
Epoch: 031, Train Loss: 0.8268, Train MAPE: 0.0157, Train RMSE: 1.5257, Valid Loss: 1.7536, Valid MAPE: 0.0423, Valid RMSE: 3.6366, Training Time: 506.8296/epoch
Epoch: 032, Inference Time: 28.0946 secs
Epoch: 032, Train Loss: 0.8322, Train MAPE: 0.0158, Train RMSE: 1.5406, Valid Loss: 1.7115, Valid MAPE: 0.0393, Valid RMSE: 3.5395, Training Time: 507.0784/epoch
Epoch: 033, Inference Time: 28.1021 secs
Epoch: 033, Train Loss: 0.8372, Train MAPE: 0.0159, Train RMSE: 1.5552, Valid Loss: 1.7247, Valid MAPE: 0.0386, Valid RMSE: 3.6298, Training Time: 506.9055/epoch
Epoch: 034, Inference Time: 28.0357 secs
Epoch: 034, Train Loss: 0.8488, Train MAPE: 0.0162, Train RMSE: 1.5858, Valid Loss: 1.8305, Valid MAPE: 0.0424, Valid RMSE: 3.8400, Training Time: 506.5818/epoch
Epoch: 035, Inference Time: 28.0423 secs
Epoch: 035, Train Loss: 0.8571, Train MAPE: 0.0164, Train RMSE: 1.6093, Valid Loss: 1.7080, Valid MAPE: 0.0401, Valid RMSE: 3.5478, Training Time: 506.6390/epoch
Epoch: 036, Inference Time: 28.0306 secs
Epoch: 036, Train Loss: 0.8689, Train MAPE: 0.0167, Train RMSE: 1.6416, Valid Loss: 1.7197, Valid MAPE: 0.0398, Valid RMSE: 3.5920, Training Time: 506.3420/epoch
Epoch: 037, Inference Time: 27.9985 secs
Epoch: 037, Train Loss: 0.8822, Train MAPE: 0.0170, Train RMSE: 1.6790, Valid Loss: 1.6845, Valid MAPE: 0.0390, Valid RMSE: 3.5105, Training Time: 506.3060/epoch
Epoch: 038, Inference Time: 27.9818 secs
Epoch: 038, Train Loss: 0.8996, Train MAPE: 0.0174, Train RMSE: 1.7248, Valid Loss: 1.7270, Valid MAPE: 0.0417, Valid RMSE: 3.5368, Training Time: 507.1059/epoch
Epoch: 039, Inference Time: 28.0529 secs
Epoch: 039, Train Loss: 0.9214, Train MAPE: 0.0179, Train RMSE: 1.7869, Valid Loss: 1.7265, Valid MAPE: 0.0407, Valid RMSE: 3.5553, Training Time: 506.9166/epoch
Epoch: 040, Inference Time: 28.0194 secs
Epoch: 040, Train Loss: 0.9416, Train MAPE: 0.0183, Train RMSE: 1.8424, Valid Loss: 1.6641, Valid MAPE: 0.0384, Valid RMSE: 3.4674, Training Time: 506.7684/epoch
Epoch: 041, Inference Time: 28.0411 secs
Epoch: 041, Train Loss: 0.9565, Train MAPE: 0.0187, Train RMSE: 1.8836, Valid Loss: 1.7973, Valid MAPE: 0.0463, Valid RMSE: 3.6991, Training Time: 506.4501/epoch
Epoch: 042, Inference Time: 28.0050 secs
Epoch: 042, Train Loss: 0.9901, Train MAPE: 0.0195, Train RMSE: 1.9772, Valid Loss: 1.6822, Valid MAPE: 0.0380, Valid RMSE: 3.4808, Training Time: 506.3392/epoch
Epoch: 043, Inference Time: 28.0009 secs
Epoch: 043, Train Loss: 1.0252, Train MAPE: 0.0204, Train RMSE: 2.0730, Valid Loss: 1.6594, Valid MAPE: 0.0376, Valid RMSE: 3.4374, Training Time: 506.3370/epoch
Epoch: 044, Inference Time: 28.0322 secs
Epoch: 044, Train Loss: 1.0598, Train MAPE: 0.0212, Train RMSE: 2.1693, Valid Loss: 1.7419, Valid MAPE: 0.0380, Valid RMSE: 3.5117, Training Time: 506.3096/epoch
Epoch: 045, Inference Time: 28.0400 secs
Epoch: 045, Train Loss: 1.0875, Train MAPE: 0.0219, Train RMSE: 2.2445, Valid Loss: 1.6845, Valid MAPE: 0.0377, Valid RMSE: 3.4720, Training Time: 506.6496/epoch
Epoch: 046, Inference Time: 28.0011 secs
Epoch: 046, Train Loss: 1.1266, Train MAPE: 0.0229, Train RMSE: 2.3505, Valid Loss: 1.6806, Valid MAPE: 0.0371, Valid RMSE: 3.4518, Training Time: 506.3601/epoch
Epoch: 047, Inference Time: 28.0277 secs
Epoch: 047, Train Loss: 1.1644, Train MAPE: 0.0238, Train RMSE: 2.4524, Valid Loss: 1.7136, Valid MAPE: 0.0430, Valid RMSE: 3.5283, Training Time: 506.6761/epoch
Epoch: 048, Inference Time: 27.9619 secs
Epoch: 048, Train Loss: 1.1902, Train MAPE: 0.0245, Train RMSE: 2.5227, Valid Loss: 1.6209, Valid MAPE: 0.0366, Valid RMSE: 3.3539, Training Time: 506.0836/epoch
Epoch: 049, Inference Time: 28.0018 secs
Epoch: 049, Train Loss: 1.2133, Train MAPE: 0.0250, Train RMSE: 2.5850, Valid Loss: 1.6164, Valid MAPE: 0.0362, Valid RMSE: 3.3332, Training Time: 506.9086/epoch
Epoch: 050, Inference Time: 28.0053 secs
Epoch: 050, Train Loss: 1.2533, Train MAPE: 0.0261, Train RMSE: 2.6900, Valid Loss: 1.6429, Valid MAPE: 0.0366, Valid RMSE: 3.3612, Training Time: 506.4827/epoch
Epoch: 051, Inference Time: 28.0499 secs
Epoch: 051, Train Loss: 1.2841, Train MAPE: 0.0269, Train RMSE: 2.7658, Valid Loss: 1.6142, Valid MAPE: 0.0358, Valid RMSE: 3.3038, Training Time: 506.1387/epoch
Epoch: 052, Inference Time: 28.0191 secs
Epoch: 052, Train Loss: 1.3066, Train MAPE: 0.0275, Train RMSE: 2.8315, Valid Loss: 1.6097, Valid MAPE: 0.0371, Valid RMSE: 3.3116, Training Time: 506.3702/epoch
Epoch: 053, Inference Time: 28.0014 secs
Epoch: 053, Train Loss: 1.3267, Train MAPE: 0.0279, Train RMSE: 2.8803, Valid Loss: 1.5824, Valid MAPE: 0.0353, Valid RMSE: 3.2270, Training Time: 506.7706/epoch
Epoch: 054, Inference Time: 28.0510 secs
Epoch: 054, Train Loss: 1.3479, Train MAPE: 0.0285, Train RMSE: 2.9318, Valid Loss: 1.6009, Valid MAPE: 0.0361, Valid RMSE: 3.2690, Training Time: 506.3009/epoch
Epoch: 055, Inference Time: 28.0388 secs
Epoch: 055, Train Loss: 1.3539, Train MAPE: 0.0287, Train RMSE: 2.9489, Valid Loss: 1.6175, Valid MAPE: 0.0355, Valid RMSE: 3.3022, Training Time: 506.4310/epoch
Epoch: 056, Inference Time: 28.0704 secs
Epoch: 056, Train Loss: 1.3718, Train MAPE: 0.0291, Train RMSE: 2.9937, Valid Loss: 1.5975, Valid MAPE: 0.0372, Valid RMSE: 3.2707, Training Time: 506.3347/epoch
Epoch: 057, Inference Time: 28.0242 secs
Epoch: 057, Train Loss: 1.3736, Train MAPE: 0.0292, Train RMSE: 3.0002, Valid Loss: 1.6013, Valid MAPE: 0.0356, Valid RMSE: 3.2753, Training Time: 506.3601/epoch
Epoch: 058, Inference Time: 28.0147 secs
Epoch: 058, Train Loss: 1.3821, Train MAPE: 0.0294, Train RMSE: 3.0219, Valid Loss: 1.6365, Valid MAPE: 0.0391, Valid RMSE: 3.3579, Training Time: 505.9687/epoch
Epoch: 059, Inference Time: 28.0856 secs
Epoch: 059, Train Loss: 1.3808, Train MAPE: 0.0294, Train RMSE: 3.0173, Valid Loss: 1.5828, Valid MAPE: 0.0366, Valid RMSE: 3.2414, Training Time: 506.4245/epoch
Epoch: 060, Inference Time: 28.0533 secs
Epoch: 060, Train Loss: 1.3840, Train MAPE: 0.0294, Train RMSE: 3.0233, Valid Loss: 1.5961, Valid MAPE: 0.0358, Valid RMSE: 3.2801, Training Time: 506.5628/epoch
Epoch: 061, Inference Time: 28.0315 secs
Epoch: 061, Train Loss: 1.3868, Train MAPE: 0.0295, Train RMSE: 3.0299, Valid Loss: 1.5957, Valid MAPE: 0.0366, Valid RMSE: 3.2677, Training Time: 506.4873/epoch
Epoch: 062, Inference Time: 28.0458 secs
Epoch: 062, Train Loss: 1.3891, Train MAPE: 0.0296, Train RMSE: 3.0333, Valid Loss: 1.6215, Valid MAPE: 0.0388, Valid RMSE: 3.3549, Training Time: 506.4297/epoch
Epoch: 063, Inference Time: 28.0009 secs
Epoch: 063, Train Loss: 1.3872, Train MAPE: 0.0295, Train RMSE: 3.0270, Valid Loss: 1.5993, Valid MAPE: 0.0368, Valid RMSE: 3.3240, Training Time: 506.7324/epoch
Epoch: 064, Inference Time: 28.0042 secs
Epoch: 064, Train Loss: 1.3842, Train MAPE: 0.0294, Train RMSE: 3.0173, Valid Loss: 1.5845, Valid MAPE: 0.0353, Valid RMSE: 3.2638, Training Time: 506.2773/epoch
Epoch: 065, Inference Time: 27.9893 secs
Epoch: 065, Train Loss: 1.3841, Train MAPE: 0.0294, Train RMSE: 3.0165, Valid Loss: 1.5917, Valid MAPE: 0.0356, Valid RMSE: 3.2736, Training Time: 506.2814/epoch
Epoch: 066, Inference Time: 28.0308 secs
Epoch: 066, Train Loss: 1.3837, Train MAPE: 0.0294, Train RMSE: 3.0125, Valid Loss: 1.5764, Valid MAPE: 0.0359, Valid RMSE: 3.2429, Training Time: 506.3212/epoch
Epoch: 067, Inference Time: 28.0864 secs
Epoch: 067, Train Loss: 1.3811, Train MAPE: 0.0293, Train RMSE: 3.0057, Valid Loss: 1.5746, Valid MAPE: 0.0354, Valid RMSE: 3.2562, Training Time: 506.8709/epoch
Epoch: 068, Inference Time: 28.0870 secs
Epoch: 068, Train Loss: 1.3815, Train MAPE: 0.0293, Train RMSE: 3.0043, Valid Loss: 1.5847, Valid MAPE: 0.0353, Valid RMSE: 3.2487, Training Time: 506.7534/epoch
Epoch: 069, Inference Time: 28.0674 secs
Epoch: 069, Train Loss: 1.3768, Train MAPE: 0.0292, Train RMSE: 2.9907, Valid Loss: 1.5907, Valid MAPE: 0.0356, Valid RMSE: 3.2542, Training Time: 506.5609/epoch
Epoch: 070, Inference Time: 28.0010 secs
Epoch: 070, Train Loss: 1.3733, Train MAPE: 0.0291, Train RMSE: 2.9798, Valid Loss: 1.6086, Valid MAPE: 0.0376, Valid RMSE: 3.3432, Training Time: 506.4743/epoch
Epoch: 071, Inference Time: 28.0266 secs
Epoch: 071, Train Loss: 1.3737, Train MAPE: 0.0291, Train RMSE: 2.9803, Valid Loss: 1.5807, Valid MAPE: 0.0358, Valid RMSE: 3.2687, Training Time: 506.6253/epoch
Epoch: 072, Inference Time: 28.0634 secs
Epoch: 072, Train Loss: 1.3738, Train MAPE: 0.0291, Train RMSE: 2.9745, Valid Loss: 1.5969, Valid MAPE: 0.0372, Valid RMSE: 3.2952, Training Time: 506.5201/epoch
Epoch: 073, Inference Time: 28.0581 secs
Epoch: 073, Train Loss: 1.3706, Train MAPE: 0.0290, Train RMSE: 2.9672, Valid Loss: 1.5951, Valid MAPE: 0.0375, Valid RMSE: 3.3104, Training Time: 506.6969/epoch
Epoch: 074, Inference Time: 28.0496 secs
Epoch: 074, Train Loss: 1.3679, Train MAPE: 0.0289, Train RMSE: 2.9605, Valid Loss: 1.5995, Valid MAPE: 0.0367, Valid RMSE: 3.3144, Training Time: 506.6355/epoch
Epoch: 075, Inference Time: 28.0295 secs
Epoch: 075, Train Loss: 1.3655, Train MAPE: 0.0289, Train RMSE: 2.9550, Valid Loss: 1.5843, Valid MAPE: 0.0366, Valid RMSE: 3.2625, Training Time: 507.0702/epoch
Epoch: 076, Inference Time: 28.0663 secs
Epoch: 076, Train Loss: 1.3643, Train MAPE: 0.0288, Train RMSE: 2.9507, Valid Loss: 1.5851, Valid MAPE: 0.0359, Valid RMSE: 3.2821, Training Time: 506.6320/epoch
Epoch: 077, Inference Time: 28.0499 secs
Epoch: 077, Train Loss: 1.3626, Train MAPE: 0.0288, Train RMSE: 2.9436, Valid Loss: 1.5885, Valid MAPE: 0.0367, Valid RMSE: 3.2926, Training Time: 507.0253/epoch
Epoch: 078, Inference Time: 28.0605 secs
Epoch: 078, Train Loss: 1.3591, Train MAPE: 0.0287, Train RMSE: 2.9342, Valid Loss: 1.5904, Valid MAPE: 0.0368, Valid RMSE: 3.2895, Training Time: 506.5899/epoch
Epoch: 079, Inference Time: 28.0679 secs
Epoch: 079, Train Loss: 1.3613, Train MAPE: 0.0288, Train RMSE: 2.9405, Valid Loss: 1.5973, Valid MAPE: 0.0368, Valid RMSE: 3.3148, Training Time: 506.8310/epoch
Epoch: 080, Inference Time: 28.0992 secs
Epoch: 080, Train Loss: 1.3605, Train MAPE: 0.0287, Train RMSE: 2.9329, Valid Loss: 1.5918, Valid MAPE: 0.0362, Valid RMSE: 3.2966, Training Time: 506.6824/epoch
Epoch: 081, Inference Time: 28.0341 secs
Epoch: 081, Train Loss: 1.3588, Train MAPE: 0.0287, Train RMSE: 2.9286, Valid Loss: 1.5878, Valid MAPE: 0.0364, Valid RMSE: 3.2830, Training Time: 506.4960/epoch
Epoch: 082, Inference Time: 28.0226 secs
Epoch: 082, Train Loss: 1.3533, Train MAPE: 0.0285, Train RMSE: 2.9140, Valid Loss: 1.5962, Valid MAPE: 0.0359, Valid RMSE: 3.3159, Training Time: 506.7286/epoch
Epoch: 083, Inference Time: 28.0195 secs
Epoch: 083, Train Loss: 1.3525, Train MAPE: 0.0285, Train RMSE: 2.9090, Valid Loss: 1.6145, Valid MAPE: 0.0384, Valid RMSE: 3.3511, Training Time: 506.9833/epoch
Epoch: 084, Inference Time: 28.0943 secs
Epoch: 084, Train Loss: 1.3515, Train MAPE: 0.0285, Train RMSE: 2.9056, Valid Loss: 1.5991, Valid MAPE: 0.0376, Valid RMSE: 3.3304, Training Time: 507.3418/epoch
Epoch: 085, Inference Time: 28.0270 secs
Epoch: 085, Train Loss: 1.3532, Train MAPE: 0.0285, Train RMSE: 2.9111, Valid Loss: 1.6053, Valid MAPE: 0.0374, Valid RMSE: 3.3235, Training Time: 506.8125/epoch
Epoch: 086, Inference Time: 28.0563 secs
Epoch: 086, Train Loss: 1.3499, Train MAPE: 0.0284, Train RMSE: 2.9003, Valid Loss: 1.5985, Valid MAPE: 0.0368, Valid RMSE: 3.3233, Training Time: 506.4493/epoch
Epoch: 087, Inference Time: 28.0557 secs
Epoch: 087, Train Loss: 1.3466, Train MAPE: 0.0284, Train RMSE: 2.8921, Valid Loss: 1.6074, Valid MAPE: 0.0375, Valid RMSE: 3.3286, Training Time: 506.5689/epoch
Epoch: 088, Inference Time: 28.0476 secs
Epoch: 088, Train Loss: 1.3461, Train MAPE: 0.0283, Train RMSE: 2.8901, Valid Loss: 1.6199, Valid MAPE: 0.0386, Valid RMSE: 3.3600, Training Time: 506.5393/epoch
Epoch: 089, Inference Time: 28.0678 secs
Epoch: 089, Train Loss: 1.3436, Train MAPE: 0.0283, Train RMSE: 2.8840, Valid Loss: 1.6087, Valid MAPE: 0.0381, Valid RMSE: 3.3351, Training Time: 506.9176/epoch
Epoch: 090, Inference Time: 28.0813 secs
Epoch: 090, Train Loss: 1.3449, Train MAPE: 0.0283, Train RMSE: 2.8858, Valid Loss: 1.6169, Valid MAPE: 0.0377, Valid RMSE: 3.3755, Training Time: 506.4326/epoch
Epoch: 091, Inference Time: 28.0611 secs
Epoch: 091, Train Loss: 1.3427, Train MAPE: 0.0282, Train RMSE: 2.8776, Valid Loss: 1.5943, Valid MAPE: 0.0364, Valid RMSE: 3.2818, Training Time: 507.1112/epoch
Epoch: 092, Inference Time: 28.0345 secs
Epoch: 092, Train Loss: 1.3450, Train MAPE: 0.0283, Train RMSE: 2.8822, Valid Loss: 1.6051, Valid MAPE: 0.0375, Valid RMSE: 3.3333, Training Time: 508.3367/epoch
Epoch: 093, Inference Time: 28.0073 secs
Epoch: 093, Train Loss: 1.3406, Train MAPE: 0.0282, Train RMSE: 2.8706, Valid Loss: 1.6000, Valid MAPE: 0.0361, Valid RMSE: 3.2813, Training Time: 506.6887/epoch
Epoch: 094, Inference Time: 28.0586 secs
Epoch: 094, Train Loss: 1.3412, Train MAPE: 0.0282, Train RMSE: 2.8726, Valid Loss: 1.6036, Valid MAPE: 0.0365, Valid RMSE: 3.3130, Training Time: 506.4816/epoch
Epoch: 095, Inference Time: 28.0217 secs
Epoch: 095, Train Loss: 1.3390, Train MAPE: 0.0281, Train RMSE: 2.8665, Valid Loss: 1.6110, Valid MAPE: 0.0379, Valid RMSE: 3.3411, Training Time: 506.5710/epoch
Epoch: 096, Inference Time: 28.0224 secs
Epoch: 096, Train Loss: 1.3389, Train MAPE: 0.0281, Train RMSE: 2.8661, Valid Loss: 1.6034, Valid MAPE: 0.0365, Valid RMSE: 3.3285, Training Time: 506.6303/epoch
Epoch: 097, Inference Time: 28.0901 secs
Epoch: 097, Train Loss: 1.3360, Train MAPE: 0.0281, Train RMSE: 2.8579, Valid Loss: 1.6211, Valid MAPE: 0.0380, Valid RMSE: 3.3650, Training Time: 507.1482/epoch
Epoch: 098, Inference Time: 28.0443 secs
Epoch: 098, Train Loss: 1.3373, Train MAPE: 0.0281, Train RMSE: 2.8611, Valid Loss: 1.6048, Valid MAPE: 0.0372, Valid RMSE: 3.3186, Training Time: 506.5028/epoch
Epoch: 099, Inference Time: 28.0763 secs
Epoch: 099, Train Loss: 1.3376, Train MAPE: 0.0281, Train RMSE: 2.8602, Valid Loss: 1.6077, Valid MAPE: 0.0373, Valid RMSE: 3.3424, Training Time: 506.6112/epoch
Epoch: 100, Inference Time: 28.0500 secs
Epoch: 100, Train Loss: 1.3335, Train MAPE: 0.0280, Train RMSE: 2.8501, Valid Loss: 1.6152, Valid MAPE: 0.0370, Valid RMSE: 3.3393, Training Time: 506.5770/epoch
Epoch: 101, Inference Time: 28.0447 secs
Epoch: 101, Train Loss: 1.3326, Train MAPE: 0.0280, Train RMSE: 2.8490, Valid Loss: 1.6151, Valid MAPE: 0.0379, Valid RMSE: 3.3611, Training Time: 506.6107/epoch
Epoch: 102, Inference Time: 28.0389 secs
Epoch: 102, Train Loss: 1.3342, Train MAPE: 0.0280, Train RMSE: 2.8507, Valid Loss: 1.6119, Valid MAPE: 0.0380, Valid RMSE: 3.3499, Training Time: 506.7320/epoch
Epoch: 103, Inference Time: 28.0687 secs
Epoch: 103, Train Loss: 1.3328, Train MAPE: 0.0280, Train RMSE: 2.8466, Valid Loss: 1.6001, Valid MAPE: 0.0362, Valid RMSE: 3.3055, Training Time: 506.4945/epoch
Epoch: 104, Inference Time: 28.0300 secs
Epoch: 104, Train Loss: 1.3329, Train MAPE: 0.0280, Train RMSE: 2.8444, Valid Loss: 1.6016, Valid MAPE: 0.0371, Valid RMSE: 3.3306, Training Time: 506.2025/epoch
Epoch: 105, Inference Time: 28.0128 secs
Epoch: 105, Train Loss: 1.3323, Train MAPE: 0.0279, Train RMSE: 2.8453, Valid Loss: 1.6049, Valid MAPE: 0.0375, Valid RMSE: 3.3496, Training Time: 506.4611/epoch
Epoch: 106, Inference Time: 28.0171 secs
Epoch: 106, Train Loss: 1.3290, Train MAPE: 0.0279, Train RMSE: 2.8361, Valid Loss: 1.6037, Valid MAPE: 0.0371, Valid RMSE: 3.3420, Training Time: 506.3314/epoch
Epoch: 107, Inference Time: 28.0818 secs
Epoch: 107, Train Loss: 1.3308, Train MAPE: 0.0279, Train RMSE: 2.8394, Valid Loss: 1.6164, Valid MAPE: 0.0385, Valid RMSE: 3.3765, Training Time: 506.7883/epoch
Epoch: 108, Inference Time: 28.0271 secs
Epoch: 108, Train Loss: 1.3285, Train MAPE: 0.0278, Train RMSE: 2.8339, Valid Loss: 1.6020, Valid MAPE: 0.0365, Valid RMSE: 3.3131, Training Time: 506.4301/epoch
Epoch: 109, Inference Time: 28.0347 secs
Epoch: 109, Train Loss: 1.3306, Train MAPE: 0.0279, Train RMSE: 2.8368, Valid Loss: 1.6333, Valid MAPE: 0.0394, Valid RMSE: 3.4149, Training Time: 507.0505/epoch
Epoch: 110, Inference Time: 28.1119 secs
Epoch: 110, Train Loss: 1.3286, Train MAPE: 0.0278, Train RMSE: 2.8302, Valid Loss: 1.6045, Valid MAPE: 0.0367, Valid RMSE: 3.3325, Training Time: 506.4888/epoch
Average Training Time: 479.4954 secs/epoch
Average Inference Time: 28.0381 secs
Training finished
The valid loss on best model is 1.5746, epoch:67
Evaluate best model on test data for horizon 3, Test MAE: 1.2976, Test MAPE: 0.0269, Test RMSE: 2.7239
Evaluate best model on test data for horizon 6, Test MAE: 1.6190, Test MAPE: 0.0359, Test RMSE: 3.6917
Evaluate best model on test data for horizon 9, Test MAE: 1.7979, Test MAPE: 0.0412, Test RMSE: 4.1898
Evaluate best model on test data for horizon 12, Test MAE: 1.9208, Test MAPE: 0.0448, Test RMSE: 4.4797
Namespace(LOAD_INITIAL=False, OUTPUT_PREDICTION=False, TEST_ONLY=False, adj_data='data/sensor_graph/adj_mx_bay.pkl', batch_size=32, cl=True, cl_decay_steps=5500.0, clip=5, data='data/PEMS-BAY', device='cuda:0', dropout=0.3, epochs=110, expid='DGCRN_pemsbay', gcn_depth=2, hyperGNN_dim=16, in_dim=2, layers=3, learning_rate=0.001, new_training_method=False, node_dim=40, num_nodes=325, print_every=1, propalpha=0.05, rnn_size=64, runs=3, save='./save/', seq_in_len=12, seq_out_len=12, step_size1=2500, subgraph_size=20, tanhalpha=3, tolerance=100, weight_decay=0.0001)
Number of model parameters is 208881
start training...
Epoch: 001, Inference Time: 28.0594 secs
Epoch: 001, Train Loss: 0.9654, Train MAPE: 0.0193, Train RMSE: 1.7345, Valid Loss: 4.2126, Valid MAPE: 0.1185, Valid RMSE: 6.8968, Training Time: 282.0682/epoch
Epoch: 002, Inference Time: 28.0359 secs
Epoch: 002, Train Loss: 0.8623, Train MAPE: 0.0164, Train RMSE: 1.5561, Valid Loss: 3.7836, Valid MAPE: 0.1060, Valid RMSE: 6.3301, Training Time: 280.2898/epoch
Epoch: 003, Inference Time: 28.0159 secs
Epoch: 003, Train Loss: 0.8720, Train MAPE: 0.0166, Train RMSE: 1.5870, Valid Loss: 5.1666, Valid MAPE: 0.1016, Valid RMSE: 8.2132, Training Time: 296.3380/epoch
Epoch: 004, Inference Time: 28.0522 secs
Epoch: 004, Train Loss: 0.8484, Train MAPE: 0.0161, Train RMSE: 1.5354, Valid Loss: 3.9402, Valid MAPE: 0.0790, Valid RMSE: 6.6631, Training Time: 300.5953/epoch
Epoch: 005, Inference Time: 28.0459 secs
Epoch: 005, Train Loss: 0.8414, Train MAPE: 0.0159, Train RMSE: 1.5212, Valid Loss: 2.2044, Valid MAPE: 0.0486, Valid RMSE: 4.2525, Training Time: 313.0583/epoch
Epoch: 006, Inference Time: 28.0367 secs
Epoch: 006, Train Loss: 0.8348, Train MAPE: 0.0158, Train RMSE: 1.5098, Valid Loss: 2.1179, Valid MAPE: 0.0519, Valid RMSE: 4.0325, Training Time: 321.3219/epoch
Epoch: 007, Inference Time: 28.0427 secs
Epoch: 007, Train Loss: 0.8302, Train MAPE: 0.0157, Train RMSE: 1.5012, Valid Loss: 2.0902, Valid MAPE: 0.0484, Valid RMSE: 4.0029, Training Time: 329.7909/epoch
Epoch: 008, Inference Time: 27.9909 secs
Epoch: 008, Train Loss: 0.8264, Train MAPE: 0.0156, Train RMSE: 1.4964, Valid Loss: 1.9105, Valid MAPE: 0.0436, Valid RMSE: 3.8423, Training Time: 341.9202/epoch
Epoch: 009, Inference Time: 28.0671 secs
Epoch: 009, Train Loss: 0.8246, Train MAPE: 0.0156, Train RMSE: 1.4929, Valid Loss: 1.9306, Valid MAPE: 0.0457, Valid RMSE: 3.9390, Training Time: 346.5178/epoch
Epoch: 010, Inference Time: 28.0368 secs
Epoch: 010, Train Loss: 0.8218, Train MAPE: 0.0156, Train RMSE: 1.4897, Valid Loss: 2.1808, Valid MAPE: 0.0593, Valid RMSE: 4.3454, Training Time: 362.2550/epoch
Epoch: 011, Inference Time: 28.0062 secs
Epoch: 011, Train Loss: 0.8200, Train MAPE: 0.0155, Train RMSE: 1.4867, Valid Loss: 1.8245, Valid MAPE: 0.0422, Valid RMSE: 3.7679, Training Time: 363.0232/epoch
Epoch: 012, Inference Time: 27.9416 secs
Epoch: 012, Train Loss: 0.8177, Train MAPE: 0.0155, Train RMSE: 1.4830, Valid Loss: 1.8220, Valid MAPE: 0.0435, Valid RMSE: 3.7621, Training Time: 382.6267/epoch
Epoch: 013, Inference Time: 28.0503 secs
Epoch: 013, Train Loss: 0.8157, Train MAPE: 0.0154, Train RMSE: 1.4803, Valid Loss: 1.9341, Valid MAPE: 0.0446, Valid RMSE: 4.0459, Training Time: 382.7336/epoch
Epoch: 014, Inference Time: 27.9822 secs
Epoch: 014, Train Loss: 0.8139, Train MAPE: 0.0154, Train RMSE: 1.4783, Valid Loss: 1.8869, Valid MAPE: 0.0440, Valid RMSE: 3.8353, Training Time: 400.1239/epoch
Epoch: 015, Inference Time: 28.0252 secs
Epoch: 015, Train Loss: 0.8126, Train MAPE: 0.0154, Train RMSE: 1.4767, Valid Loss: 1.7563, Valid MAPE: 0.0412, Valid RMSE: 3.6532, Training Time: 403.7257/epoch
Epoch: 016, Inference Time: 28.0008 secs
Epoch: 016, Train Loss: 0.8112, Train MAPE: 0.0153, Train RMSE: 1.4748, Valid Loss: 1.8917, Valid MAPE: 0.0417, Valid RMSE: 3.9389, Training Time: 416.8309/epoch
Epoch: 017, Inference Time: 27.9896 secs
Epoch: 017, Train Loss: 0.8105, Train MAPE: 0.0153, Train RMSE: 1.4735, Valid Loss: 1.8218, Valid MAPE: 0.0424, Valid RMSE: 3.8204, Training Time: 424.1784/epoch
Epoch: 018, Inference Time: 27.9960 secs
Epoch: 018, Train Loss: 0.8088, Train MAPE: 0.0153, Train RMSE: 1.4705, Valid Loss: 1.8379, Valid MAPE: 0.0436, Valid RMSE: 3.8124, Training Time: 433.0741/epoch
Epoch: 019, Inference Time: 28.0422 secs
Epoch: 019, Train Loss: 0.8081, Train MAPE: 0.0153, Train RMSE: 1.4693, Valid Loss: 1.9402, Valid MAPE: 0.0473, Valid RMSE: 3.8958, Training Time: 444.5443/epoch
Epoch: 020, Inference Time: 28.0186 secs
Epoch: 020, Train Loss: 0.8086, Train MAPE: 0.0153, Train RMSE: 1.4720, Valid Loss: 1.7705, Valid MAPE: 0.0424, Valid RMSE: 3.6577, Training Time: 449.5794/epoch
Epoch: 021, Inference Time: 28.0554 secs
Epoch: 021, Train Loss: 0.8077, Train MAPE: 0.0153, Train RMSE: 1.4702, Valid Loss: 1.7894, Valid MAPE: 0.0432, Valid RMSE: 3.7473, Training Time: 465.4145/epoch
Epoch: 022, Inference Time: 28.0456 secs
Epoch: 022, Train Loss: 0.8077, Train MAPE: 0.0153, Train RMSE: 1.4705, Valid Loss: 1.8709, Valid MAPE: 0.0430, Valid RMSE: 3.7886, Training Time: 466.7298/epoch
Epoch: 023, Inference Time: 28.0666 secs
Epoch: 023, Train Loss: 0.8088, Train MAPE: 0.0153, Train RMSE: 1.4732, Valid Loss: 1.8023, Valid MAPE: 0.0414, Valid RMSE: 3.7460, Training Time: 485.7332/epoch
Epoch: 024, Inference Time: 28.0495 secs
Epoch: 024, Train Loss: 0.8085, Train MAPE: 0.0153, Train RMSE: 1.4729, Valid Loss: 1.8180, Valid MAPE: 0.0410, Valid RMSE: 3.8247, Training Time: 485.9694/epoch
Epoch: 025, Inference Time: 28.0541 secs
Epoch: 025, Train Loss: 0.8092, Train MAPE: 0.0153, Train RMSE: 1.4767, Valid Loss: 1.7417, Valid MAPE: 0.0404, Valid RMSE: 3.5551, Training Time: 504.3126/epoch
Epoch: 026, Inference Time: 28.0438 secs
Epoch: 026, Train Loss: 0.8100, Train MAPE: 0.0153, Train RMSE: 1.4792, Valid Loss: 1.7949, Valid MAPE: 0.0425, Valid RMSE: 3.7895, Training Time: 506.6070/epoch
Epoch: 027, Inference Time: 28.0301 secs
Epoch: 027, Train Loss: 0.8140, Train MAPE: 0.0154, Train RMSE: 1.4898, Valid Loss: 1.8858, Valid MAPE: 0.0424, Valid RMSE: 3.9929, Training Time: 506.4636/epoch
Epoch: 028, Inference Time: 28.0273 secs
Epoch: 028, Train Loss: 0.8155, Train MAPE: 0.0154, Train RMSE: 1.4944, Valid Loss: 1.8416, Valid MAPE: 0.0421, Valid RMSE: 3.8233, Training Time: 506.3268/epoch
Epoch: 029, Inference Time: 28.0959 secs
Epoch: 029, Train Loss: 0.8171, Train MAPE: 0.0155, Train RMSE: 1.4996, Valid Loss: 1.7676, Valid MAPE: 0.0407, Valid RMSE: 3.7373, Training Time: 506.5718/epoch
Epoch: 030, Inference Time: 28.1226 secs
Epoch: 030, Train Loss: 0.8229, Train MAPE: 0.0156, Train RMSE: 1.5151, Valid Loss: 1.7162, Valid MAPE: 0.0404, Valid RMSE: 3.6145, Training Time: 506.6129/epoch
Epoch: 031, Inference Time: 28.0675 secs
Epoch: 031, Train Loss: 0.8261, Train MAPE: 0.0157, Train RMSE: 1.5237, Valid Loss: 1.7694, Valid MAPE: 0.0428, Valid RMSE: 3.7047, Training Time: 506.6101/epoch
Epoch: 032, Inference Time: 28.0374 secs
Epoch: 032, Train Loss: 0.8328, Train MAPE: 0.0158, Train RMSE: 1.5422, Valid Loss: 1.7387, Valid MAPE: 0.0409, Valid RMSE: 3.5852, Training Time: 506.4967/epoch
Epoch: 033, Inference Time: 28.0299 secs
Epoch: 033, Train Loss: 0.8399, Train MAPE: 0.0160, Train RMSE: 1.5612, Valid Loss: 1.7555, Valid MAPE: 0.0392, Valid RMSE: 3.7081, Training Time: 506.2448/epoch
Epoch: 034, Inference Time: 28.0240 secs
Epoch: 034, Train Loss: 0.8478, Train MAPE: 0.0162, Train RMSE: 1.5826, Valid Loss: 1.8198, Valid MAPE: 0.0454, Valid RMSE: 3.7966, Training Time: 506.3846/epoch
Epoch: 035, Inference Time: 28.1091 secs
Epoch: 035, Train Loss: 0.8558, Train MAPE: 0.0164, Train RMSE: 1.6050, Valid Loss: 1.8719, Valid MAPE: 0.0428, Valid RMSE: 3.8108, Training Time: 507.3365/epoch
Epoch: 036, Inference Time: 28.0802 secs
Epoch: 036, Train Loss: 0.8682, Train MAPE: 0.0166, Train RMSE: 1.6379, Valid Loss: 1.7735, Valid MAPE: 0.0408, Valid RMSE: 3.6121, Training Time: 506.5795/epoch
Epoch: 037, Inference Time: 28.0757 secs
Epoch: 037, Train Loss: 0.8846, Train MAPE: 0.0170, Train RMSE: 1.6841, Valid Loss: 1.6794, Valid MAPE: 0.0387, Valid RMSE: 3.4308, Training Time: 506.9601/epoch
Epoch: 038, Inference Time: 28.0665 secs
Epoch: 038, Train Loss: 0.9007, Train MAPE: 0.0174, Train RMSE: 1.7280, Valid Loss: 1.6524, Valid MAPE: 0.0373, Valid RMSE: 3.4188, Training Time: 506.6982/epoch
Epoch: 039, Inference Time: 28.0619 secs
Epoch: 039, Train Loss: 0.9207, Train MAPE: 0.0179, Train RMSE: 1.7828, Valid Loss: 1.7692, Valid MAPE: 0.0443, Valid RMSE: 3.6618, Training Time: 506.6097/epoch
Epoch: 040, Inference Time: 28.0513 secs
Epoch: 040, Train Loss: 0.9422, Train MAPE: 0.0184, Train RMSE: 1.8423, Valid Loss: 1.7228, Valid MAPE: 0.0402, Valid RMSE: 3.5046, Training Time: 506.5026/epoch
Epoch: 041, Inference Time: 28.0107 secs
Epoch: 041, Train Loss: 0.9686, Train MAPE: 0.0190, Train RMSE: 1.9165, Valid Loss: 1.7045, Valid MAPE: 0.0423, Valid RMSE: 3.5214, Training Time: 507.1660/epoch
Epoch: 042, Inference Time: 28.0499 secs
Epoch: 042, Train Loss: 0.9991, Train MAPE: 0.0197, Train RMSE: 1.9999, Valid Loss: 1.7995, Valid MAPE: 0.0465, Valid RMSE: 3.6741, Training Time: 506.7885/epoch
Epoch: 043, Inference Time: 28.1194 secs
Epoch: 043, Train Loss: 1.0278, Train MAPE: 0.0204, Train RMSE: 2.0779, Valid Loss: 1.7206, Valid MAPE: 0.0423, Valid RMSE: 3.5643, Training Time: 507.5631/epoch
Epoch: 044, Inference Time: 28.0677 secs
Epoch: 044, Train Loss: 1.0534, Train MAPE: 0.0211, Train RMSE: 2.1495, Valid Loss: 1.7129, Valid MAPE: 0.0384, Valid RMSE: 3.5099, Training Time: 507.1789/epoch
Epoch: 045, Inference Time: 27.9971 secs
Epoch: 045, Train Loss: 1.0935, Train MAPE: 0.0221, Train RMSE: 2.2576, Valid Loss: 1.6412, Valid MAPE: 0.0375, Valid RMSE: 3.3625, Training Time: 506.6911/epoch
Epoch: 046, Inference Time: 28.0619 secs
Epoch: 046, Train Loss: 1.1320, Train MAPE: 0.0230, Train RMSE: 2.3624, Valid Loss: 1.6525, Valid MAPE: 0.0390, Valid RMSE: 3.4467, Training Time: 506.5232/epoch
Epoch: 047, Inference Time: 28.0599 secs
Epoch: 047, Train Loss: 1.1603, Train MAPE: 0.0237, Train RMSE: 2.4369, Valid Loss: 1.6523, Valid MAPE: 0.0376, Valid RMSE: 3.3794, Training Time: 506.6751/epoch
Epoch: 048, Inference Time: 28.0935 secs
Epoch: 048, Train Loss: 1.1892, Train MAPE: 0.0244, Train RMSE: 2.5178, Valid Loss: 1.6235, Valid MAPE: 0.0371, Valid RMSE: 3.3581, Training Time: 506.5949/epoch
Epoch: 049, Inference Time: 28.0337 secs
Epoch: 049, Train Loss: 1.2316, Train MAPE: 0.0255, Train RMSE: 2.6268, Valid Loss: 1.6477, Valid MAPE: 0.0390, Valid RMSE: 3.3793, Training Time: 506.7787/epoch
Epoch: 050, Inference Time: 28.0063 secs
Epoch: 050, Train Loss: 1.2610, Train MAPE: 0.0262, Train RMSE: 2.7030, Valid Loss: 1.6252, Valid MAPE: 0.0370, Valid RMSE: 3.3462, Training Time: 506.7160/epoch
Epoch: 051, Inference Time: 28.0396 secs
Epoch: 051, Train Loss: 1.2874, Train MAPE: 0.0269, Train RMSE: 2.7719, Valid Loss: 1.6060, Valid MAPE: 0.0373, Valid RMSE: 3.3004, Training Time: 506.6309/epoch
Epoch: 052, Inference Time: 28.0312 secs
Epoch: 052, Train Loss: 1.3136, Train MAPE: 0.0276, Train RMSE: 2.8391, Valid Loss: 1.6107, Valid MAPE: 0.0376, Valid RMSE: 3.3249, Training Time: 506.4894/epoch
Epoch: 053, Inference Time: 28.0144 secs
Epoch: 053, Train Loss: 1.3244, Train MAPE: 0.0279, Train RMSE: 2.8672, Valid Loss: 1.6186, Valid MAPE: 0.0382, Valid RMSE: 3.3286, Training Time: 506.4447/epoch
Epoch: 054, Inference Time: 28.0541 secs
Epoch: 054, Train Loss: 1.3467, Train MAPE: 0.0285, Train RMSE: 2.9229, Valid Loss: 1.6468, Valid MAPE: 0.0389, Valid RMSE: 3.3481, Training Time: 506.8310/epoch
Epoch: 055, Inference Time: 28.0973 secs
Epoch: 055, Train Loss: 1.3655, Train MAPE: 0.0289, Train RMSE: 2.9713, Valid Loss: 1.6244, Valid MAPE: 0.0364, Valid RMSE: 3.3308, Training Time: 507.0580/epoch
Epoch: 056, Inference Time: 28.1259 secs
Epoch: 056, Train Loss: 1.3710, Train MAPE: 0.0291, Train RMSE: 2.9834, Valid Loss: 1.5870, Valid MAPE: 0.0372, Valid RMSE: 3.2554, Training Time: 506.8027/epoch
Epoch: 057, Inference Time: 28.0726 secs
Epoch: 057, Train Loss: 1.3811, Train MAPE: 0.0294, Train RMSE: 3.0132, Valid Loss: 1.6255, Valid MAPE: 0.0389, Valid RMSE: 3.3393, Training Time: 506.9097/epoch
Epoch: 058, Inference Time: 28.0246 secs
Epoch: 058, Train Loss: 1.3858, Train MAPE: 0.0295, Train RMSE: 3.0201, Valid Loss: 1.6049, Valid MAPE: 0.0367, Valid RMSE: 3.2825, Training Time: 506.5740/epoch
Epoch: 059, Inference Time: 28.0757 secs
Epoch: 059, Train Loss: 1.3882, Train MAPE: 0.0295, Train RMSE: 3.0259, Valid Loss: 1.5782, Valid MAPE: 0.0362, Valid RMSE: 3.2412, Training Time: 507.0243/epoch
Epoch: 060, Inference Time: 28.0669 secs
Epoch: 060, Train Loss: 1.3933, Train MAPE: 0.0297, Train RMSE: 3.0425, Valid Loss: 1.6142, Valid MAPE: 0.0376, Valid RMSE: 3.3356, Training Time: 506.7892/epoch
Epoch: 061, Inference Time: 28.0382 secs
Epoch: 061, Train Loss: 1.3914, Train MAPE: 0.0296, Train RMSE: 3.0329, Valid Loss: 1.5872, Valid MAPE: 0.0365, Valid RMSE: 3.2291, Training Time: 507.0225/epoch
Epoch: 062, Inference Time: 27.9881 secs
Epoch: 062, Train Loss: 1.3913, Train MAPE: 0.0296, Train RMSE: 3.0283, Valid Loss: 1.5807, Valid MAPE: 0.0363, Valid RMSE: 3.2512, Training Time: 506.7570/epoch
Epoch: 063, Inference Time: 28.0174 secs
Epoch: 063, Train Loss: 1.3883, Train MAPE: 0.0295, Train RMSE: 3.0223, Valid Loss: 1.5879, Valid MAPE: 0.0366, Valid RMSE: 3.2948, Training Time: 506.5658/epoch
Epoch: 064, Inference Time: 28.0965 secs
Epoch: 064, Train Loss: 1.3908, Train MAPE: 0.0295, Train RMSE: 3.0276, Valid Loss: 1.6060, Valid MAPE: 0.0374, Valid RMSE: 3.3056, Training Time: 507.2305/epoch
Epoch: 065, Inference Time: 28.0744 secs
Epoch: 065, Train Loss: 1.3869, Train MAPE: 0.0294, Train RMSE: 3.0155, Valid Loss: 1.5744, Valid MAPE: 0.0355, Valid RMSE: 3.2211, Training Time: 506.5103/epoch
Epoch: 066, Inference Time: 28.0827 secs
Epoch: 066, Train Loss: 1.3871, Train MAPE: 0.0295, Train RMSE: 3.0175, Valid Loss: 1.5922, Valid MAPE: 0.0356, Valid RMSE: 3.2934, Training Time: 506.6565/epoch
Epoch: 067, Inference Time: 28.0537 secs
Epoch: 067, Train Loss: 1.3848, Train MAPE: 0.0294, Train RMSE: 3.0086, Valid Loss: 1.5851, Valid MAPE: 0.0358, Valid RMSE: 3.2510, Training Time: 507.2089/epoch
Epoch: 068, Inference Time: 28.0642 secs
Epoch: 068, Train Loss: 1.3851, Train MAPE: 0.0294, Train RMSE: 3.0079, Valid Loss: 1.5882, Valid MAPE: 0.0363, Valid RMSE: 3.2795, Training Time: 506.3489/epoch
Epoch: 069, Inference Time: 28.0481 secs
Epoch: 069, Train Loss: 1.3825, Train MAPE: 0.0293, Train RMSE: 3.0029, Valid Loss: 1.6101, Valid MAPE: 0.0353, Valid RMSE: 3.3328, Training Time: 506.5636/epoch
Epoch: 070, Inference Time: 27.9952 secs
Epoch: 070, Train Loss: 1.3797, Train MAPE: 0.0293, Train RMSE: 2.9951, Valid Loss: 1.6058, Valid MAPE: 0.0372, Valid RMSE: 3.2946, Training Time: 506.5942/epoch
Epoch: 071, Inference Time: 28.0491 secs
Epoch: 071, Train Loss: 1.3779, Train MAPE: 0.0292, Train RMSE: 2.9873, Valid Loss: 1.5863, Valid MAPE: 0.0356, Valid RMSE: 3.2708, Training Time: 507.7753/epoch
Epoch: 072, Inference Time: 27.9979 secs
Epoch: 072, Train Loss: 1.3740, Train MAPE: 0.0291, Train RMSE: 2.9758, Valid Loss: 1.5889, Valid MAPE: 0.0357, Valid RMSE: 3.2899, Training Time: 508.8848/epoch
Epoch: 073, Inference Time: 28.0597 secs
Epoch: 073, Train Loss: 1.3724, Train MAPE: 0.0290, Train RMSE: 2.9688, Valid Loss: 1.5830, Valid MAPE: 0.0354, Valid RMSE: 3.2556, Training Time: 507.2969/epoch
Epoch: 074, Inference Time: 28.0739 secs
Epoch: 074, Train Loss: 1.3720, Train MAPE: 0.0290, Train RMSE: 2.9699, Valid Loss: 1.5833, Valid MAPE: 0.0358, Valid RMSE: 3.2623, Training Time: 507.0596/epoch
Epoch: 075, Inference Time: 28.0191 secs
Epoch: 075, Train Loss: 1.3699, Train MAPE: 0.0290, Train RMSE: 2.9597, Valid Loss: 1.5954, Valid MAPE: 0.0355, Valid RMSE: 3.2931, Training Time: 506.7584/epoch
Epoch: 076, Inference Time: 28.0579 secs
Epoch: 076, Train Loss: 1.3651, Train MAPE: 0.0288, Train RMSE: 2.9470, Valid Loss: 1.5788, Valid MAPE: 0.0354, Valid RMSE: 3.2534, Training Time: 506.6459/epoch
Epoch: 077, Inference Time: 28.0093 secs
Epoch: 077, Train Loss: 1.3653, Train MAPE: 0.0288, Train RMSE: 2.9488, Valid Loss: 1.5859, Valid MAPE: 0.0361, Valid RMSE: 3.2824, Training Time: 506.4178/epoch
Epoch: 078, Inference Time: 28.0653 secs
Epoch: 078, Train Loss: 1.3615, Train MAPE: 0.0287, Train RMSE: 2.9360, Valid Loss: 1.6089, Valid MAPE: 0.0360, Valid RMSE: 3.3031, Training Time: 506.4874/epoch
Epoch: 079, Inference Time: 28.0089 secs
Epoch: 079, Train Loss: 1.3628, Train MAPE: 0.0288, Train RMSE: 2.9372, Valid Loss: 1.6067, Valid MAPE: 0.0374, Valid RMSE: 3.3009, Training Time: 506.2696/epoch
Epoch: 080, Inference Time: 28.0816 secs
Epoch: 080, Train Loss: 1.3650, Train MAPE: 0.0288, Train RMSE: 2.9402, Valid Loss: 1.5859, Valid MAPE: 0.0362, Valid RMSE: 3.2877, Training Time: 506.8486/epoch
Epoch: 081, Inference Time: 28.0086 secs
Epoch: 081, Train Loss: 1.3565, Train MAPE: 0.0286, Train RMSE: 2.9204, Valid Loss: 1.5993, Valid MAPE: 0.0362, Valid RMSE: 3.3034, Training Time: 506.7668/epoch
Epoch: 082, Inference Time: 28.0183 secs
Epoch: 082, Train Loss: 1.3560, Train MAPE: 0.0286, Train RMSE: 2.9184, Valid Loss: 1.5952, Valid MAPE: 0.0357, Valid RMSE: 3.2740, Training Time: 506.7653/epoch
Epoch: 083, Inference Time: 28.0783 secs
Epoch: 083, Train Loss: 1.3554, Train MAPE: 0.0286, Train RMSE: 2.9145, Valid Loss: 1.5853, Valid MAPE: 0.0359, Valid RMSE: 3.2773, Training Time: 506.6269/epoch
Epoch: 084, Inference Time: 28.0265 secs
Epoch: 084, Train Loss: 1.3542, Train MAPE: 0.0285, Train RMSE: 2.9128, Valid Loss: 1.6058, Valid MAPE: 0.0369, Valid RMSE: 3.3006, Training Time: 506.9531/epoch
Epoch: 085, Inference Time: 28.0220 secs
Epoch: 085, Train Loss: 1.3524, Train MAPE: 0.0285, Train RMSE: 2.9065, Valid Loss: 1.6254, Valid MAPE: 0.0387, Valid RMSE: 3.3642, Training Time: 506.6068/epoch
Epoch: 086, Inference Time: 28.0846 secs
Epoch: 086, Train Loss: 1.3529, Train MAPE: 0.0285, Train RMSE: 2.9065, Valid Loss: 1.6099, Valid MAPE: 0.0367, Valid RMSE: 3.3016, Training Time: 507.2129/epoch
Epoch: 087, Inference Time: 28.1787 secs
Epoch: 087, Train Loss: 1.3490, Train MAPE: 0.0284, Train RMSE: 2.8943, Valid Loss: 1.5840, Valid MAPE: 0.0358, Valid RMSE: 3.2770, Training Time: 507.1267/epoch
Epoch: 088, Inference Time: 28.0999 secs
Epoch: 088, Train Loss: 1.3480, Train MAPE: 0.0284, Train RMSE: 2.8908, Valid Loss: 1.6049, Valid MAPE: 0.0364, Valid RMSE: 3.3329, Training Time: 507.7062/epoch
Epoch: 089, Inference Time: 28.1390 secs
Epoch: 089, Train Loss: 1.3473, Train MAPE: 0.0283, Train RMSE: 2.8867, Valid Loss: 1.5877, Valid MAPE: 0.0368, Valid RMSE: 3.2860, Training Time: 507.3883/epoch
Epoch: 090, Inference Time: 28.0044 secs
Epoch: 090, Train Loss: 1.3491, Train MAPE: 0.0284, Train RMSE: 2.8939, Valid Loss: 1.5987, Valid MAPE: 0.0362, Valid RMSE: 3.2999, Training Time: 506.7367/epoch
Epoch: 091, Inference Time: 28.1022 secs
Epoch: 091, Train Loss: 1.3437, Train MAPE: 0.0282, Train RMSE: 2.8792, Valid Loss: 1.5928, Valid MAPE: 0.0369, Valid RMSE: 3.2762, Training Time: 506.3982/epoch
Epoch: 092, Inference Time: 28.1164 secs
Epoch: 092, Train Loss: 1.3432, Train MAPE: 0.0282, Train RMSE: 2.8760, Valid Loss: 1.6084, Valid MAPE: 0.0376, Valid RMSE: 3.3289, Training Time: 506.6800/epoch
Epoch: 093, Inference Time: 28.1519 secs
Epoch: 093, Train Loss: 1.3429, Train MAPE: 0.0282, Train RMSE: 2.8749, Valid Loss: 1.6002, Valid MAPE: 0.0370, Valid RMSE: 3.2979, Training Time: 507.3046/epoch
Epoch: 094, Inference Time: 28.0783 secs
Epoch: 094, Train Loss: 1.3422, Train MAPE: 0.0282, Train RMSE: 2.8715, Valid Loss: 1.5975, Valid MAPE: 0.0360, Valid RMSE: 3.2920, Training Time: 506.9285/epoch
Epoch: 095, Inference Time: 28.0353 secs
Epoch: 095, Train Loss: 1.3393, Train MAPE: 0.0281, Train RMSE: 2.8660, Valid Loss: 1.6113, Valid MAPE: 0.0365, Valid RMSE: 3.3251, Training Time: 507.4727/epoch
Epoch: 096, Inference Time: 28.0435 secs
Epoch: 096, Train Loss: 1.3412, Train MAPE: 0.0282, Train RMSE: 2.8685, Valid Loss: 1.5836, Valid MAPE: 0.0363, Valid RMSE: 3.2605, Training Time: 506.5848/epoch
Epoch: 097, Inference Time: 28.0754 secs
Epoch: 097, Train Loss: 1.3368, Train MAPE: 0.0281, Train RMSE: 2.8579, Valid Loss: 1.5950, Valid MAPE: 0.0365, Valid RMSE: 3.2958, Training Time: 507.2310/epoch
Epoch: 098, Inference Time: 28.0664 secs
Epoch: 098, Train Loss: 1.3391, Train MAPE: 0.0281, Train RMSE: 2.8604, Valid Loss: 1.6134, Valid MAPE: 0.0371, Valid RMSE: 3.3235, Training Time: 506.6598/epoch
Epoch: 099, Inference Time: 28.0462 secs
Epoch: 099, Train Loss: 1.3367, Train MAPE: 0.0280, Train RMSE: 2.8566, Valid Loss: 1.6136, Valid MAPE: 0.0376, Valid RMSE: 3.3263, Training Time: 506.9504/epoch
Epoch: 100, Inference Time: 28.0727 secs
Epoch: 100, Train Loss: 1.3375, Train MAPE: 0.0281, Train RMSE: 2.8574, Valid Loss: 1.5884, Valid MAPE: 0.0363, Valid RMSE: 3.2812, Training Time: 506.8686/epoch
Epoch: 101, Inference Time: 28.0700 secs
Epoch: 101, Train Loss: 1.3341, Train MAPE: 0.0280, Train RMSE: 2.8473, Valid Loss: 1.5940, Valid MAPE: 0.0367, Valid RMSE: 3.3058, Training Time: 506.2954/epoch
Epoch: 102, Inference Time: 28.5040 secs
Epoch: 102, Train Loss: 1.3362, Train MAPE: 0.0280, Train RMSE: 2.8531, Valid Loss: 1.5932, Valid MAPE: 0.0364, Valid RMSE: 3.2916, Training Time: 508.5264/epoch
Epoch: 103, Inference Time: 28.6221 secs
Epoch: 103, Train Loss: 1.3325, Train MAPE: 0.0279, Train RMSE: 2.8420, Valid Loss: 1.5984, Valid MAPE: 0.0359, Valid RMSE: 3.2846, Training Time: 515.4826/epoch
Epoch: 104, Inference Time: 28.1086 secs
Epoch: 104, Train Loss: 1.3343, Train MAPE: 0.0280, Train RMSE: 2.8481, Valid Loss: 1.6118, Valid MAPE: 0.0360, Valid RMSE: 3.3165, Training Time: 510.3988/epoch
Epoch: 105, Inference Time: 28.1278 secs
Epoch: 105, Train Loss: 1.3321, Train MAPE: 0.0279, Train RMSE: 2.8399, Valid Loss: 1.6042, Valid MAPE: 0.0360, Valid RMSE: 3.3052, Training Time: 507.3122/epoch
Epoch: 106, Inference Time: 28.1479 secs
Epoch: 106, Train Loss: 1.3312, Train MAPE: 0.0279, Train RMSE: 2.8359, Valid Loss: 1.5987, Valid MAPE: 0.0370, Valid RMSE: 3.2915, Training Time: 508.1339/epoch
Epoch: 107, Inference Time: 28.1841 secs
Epoch: 107, Train Loss: 1.3308, Train MAPE: 0.0279, Train RMSE: 2.8371, Valid Loss: 1.6066, Valid MAPE: 0.0359, Valid RMSE: 3.3204, Training Time: 508.1965/epoch
Epoch: 108, Inference Time: 28.1828 secs
Epoch: 108, Train Loss: 1.3316, Train MAPE: 0.0279, Train RMSE: 2.8392, Valid Loss: 1.5987, Valid MAPE: 0.0371, Valid RMSE: 3.2953, Training Time: 507.5713/epoch
Epoch: 109, Inference Time: 28.1212 secs
Epoch: 109, Train Loss: 1.3304, Train MAPE: 0.0279, Train RMSE: 2.8361, Valid Loss: 1.6108, Valid MAPE: 0.0357, Valid RMSE: 3.3133, Training Time: 507.5580/epoch
Epoch: 110, Inference Time: 28.0764 secs
Epoch: 110, Train Loss: 1.3288, Train MAPE: 0.0278, Train RMSE: 2.8294, Valid Loss: 1.6040, Valid MAPE: 0.0365, Valid RMSE: 3.2960, Training Time: 507.3919/epoch
Average Training Time: 479.8339 secs/epoch
Average Inference Time: 28.0655 secs
Training finished
The valid loss on best model is 1.5744, epoch:65
Evaluate best model on test data for horizon 3, Test MAE: 1.2961, Test MAPE: 0.0269, Test RMSE: 2.7051
Evaluate best model on test data for horizon 6, Test MAE: 1.6177, Test MAPE: 0.0361, Test RMSE: 3.6672
Evaluate best model on test data for horizon 9, Test MAE: 1.7945, Test MAPE: 0.0418, Test RMSE: 4.1612
Evaluate best model on test data for horizon 12, Test MAE: 1.9075, Test MAPE: 0.0452, Test RMSE: 4.4348


Results for 3 runs


valid	MAE	RMSE	MAPE
mean:	1.5748	3.6324	0.0358
std:	0.0023	0.0229	0.0005



test|horizon	MAE-mean	RMSE-mean	MAPE-mean	MAE-std	RMSE-std	MAPE-std
3	1.2991	2.7192	0.0271	0.0032	0.0101	0.0003
6	1.6214	3.6915	0.0364	0.0043	0.0198	0.0006
9	1.7987	4.1909	0.0419	0.0038	0.0248	0.0006
12	1.9150	4.4711	0.0454	0.0056	0.0268	0.0006
python.exe : C:\Documents\thesis\code\Traffic-Benchmark_Fork\methods\DGCRN\net.py:262: UserWarning: nn.init.orthogonal 
is now deprecated in favor of nn.init.orthogonal_.
At C:\Documents\thesis\code\Traffic-Benchmark_Fork\run_all_pems_bay.ps1:17 char:1
+ & $python methods/DGCRN/train.py `
+ ~~~~~~~~~~~~~~~~~~~~~~~~~~~~~~~~~~
    + CategoryInfo          : NotSpecified: (C:\Documents\th...it.orthogonal_.:String) [], RemoteException
    + FullyQualifiedErrorId : NativeCommandError
 
  nn.init.orthogonal(Hidden_State)
C:\Documents\thesis\code\Traffic-Benchmark_Fork\methods\DGCRN\net.py:263: UserWarning: nn.init.orthogonal is now deprec
ated in favor of nn.init.orthogonal_.
  nn.init.orthogonal(Cell_State)
C:\Users\tryno\.pyenv\pyenv-win\versions\3.6.8\lib\site-packages\torch\nn\functional.py:1806: UserWarning: nn.functiona
l.sigmoid is deprecated. Use torch.sigmoid instead.
  warnings.warn("nn.functional.sigmoid is deprecated. Use torch.sigmoid instead.")
C:\Users\tryno\.pyenv\pyenv-win\versions\3.6.8\lib\site-packages\torch\nn\functional.py:1795: UserWarning: nn.functiona
l.tanh is deprecated. Use torch.tanh instead.
  warnings.warn("nn.functional.tanh is deprecated. Use torch.tanh instead.")
